Component: ARM Compiler 5.05 update 1 (build 106) Tool: armlink [4d0efa]

==============================================================================

Section Cross References

    startup_stm32l1xx_md.o(RESET) refers to startup_stm32l1xx_md.o(STACK) for __initial_sp
    startup_stm32l1xx_md.o(RESET) refers to startup_stm32l1xx_md.o(.text) for Reset_Handler
    startup_stm32l1xx_md.o(RESET) refers to stm32l1xx_it.o(.text) for NMI_Handler
    startup_stm32l1xx_md.o(RESET) refers to tim.o(.text) for TIM2_IRQHandler
    startup_stm32l1xx_md.o(RESET) refers to rs485.o(.text) for USART2_IRQHandler
    startup_stm32l1xx_md.o(.text) refers to system_stm32l1xx.o(.text) for SystemInit
    startup_stm32l1xx_md.o(.text) refers to entry.o(.ARM.Collect$$$$00000000) for __main
    stm32l1xx_adc.o(.text) refers to stm32l1xx_rcc.o(.text) for RCC_APB2PeriphResetCmd
    stm32l1xx_aes.o(.text) refers to stm32l1xx_rcc.o(.text) for RCC_AHBPeriphResetCmd
    stm32l1xx_aes_util.o(.text) refers to stm32l1xx_aes.o(.text) for AES_KeyInit
    stm32l1xx_dac.o(.text) refers to stm32l1xx_rcc.o(.text) for RCC_APB1PeriphResetCmd
    stm32l1xx_gpio.o(.text) refers to stm32l1xx_rcc.o(.text) for RCC_AHBPeriphResetCmd
    stm32l1xx_i2c.o(.text) refers to stm32l1xx_rcc.o(.text) for RCC_APB1PeriphResetCmd
    stm32l1xx_lcd.o(.text) refers to stm32l1xx_rcc.o(.text) for RCC_APB1PeriphResetCmd
    stm32l1xx_pwr.o(.text) refers to stm32l1xx_rcc.o(.text) for RCC_APB1PeriphResetCmd
    stm32l1xx_rcc.o(.text) refers to stm32l1xx_rcc.o(.data) for PLLMulTable
    stm32l1xx_sdio.o(.text) refers to stm32l1xx_rcc.o(.text) for RCC_APB2PeriphResetCmd
    stm32l1xx_spi.o(.text) refers to stm32l1xx_rcc.o(.text) for RCC_APB2PeriphResetCmd
    stm32l1xx_syscfg.o(.text) refers to stm32l1xx_rcc.o(.text) for RCC_APB2PeriphResetCmd
    stm32l1xx_tim.o(.text) refers to stm32l1xx_rcc.o(.text) for RCC_APB1PeriphResetCmd
    stm32l1xx_usart.o(.text) refers to stm32l1xx_rcc.o(.text) for RCC_APB2PeriphResetCmd
    stm32l1xx_wwdg.o(.text) refers to stm32l1xx_rcc.o(.text) for RCC_APB1PeriphResetCmd
    main.o(.text) refers to tim.o(.text) for TIME_Init
    main.o(.text) refers to delay.o(.text) for delay_init
    main.o(.text) refers to key.o(.text) for AddressKey_Init
    main.o(.text) refers to led.o(.text) for LED_Init
    main.o(.text) refers to relay.o(.text) for Relay_Init
    main.o(.text) refers to tm7707.o(.text) for TM7707_Init
    main.o(.text) refers to adc.o(.text) for ADC_Config
    main.o(.text) refers to rs485.o(.text) for RS485_Init
    main.o(.text) refers to stm32l1xx_usart.o(.text) for USART_SendData
    system_stm32l1xx.o(.text) refers to system_stm32l1xx.o(.data) for SystemCoreClock
    led.o(.text) refers to stm32l1xx_rcc.o(.text) for RCC_AHBPeriphClockCmd
    led.o(.text) refers to stm32l1xx_gpio.o(.text) for GPIO_Init
    delay.o(.text) refers to delay.o(.data) for fac_us
    sys.o(.text) refers to sys.o(.emb_text) for WFI_SET
    spi.o(.text) refers to stm32l1xx_spi.o(.text) for SPI_I2S_GetFlagStatus
    spi.o(.text) refers to stm32l1xx_rcc.o(.text) for RCC_AHBPeriphClockCmd
    spi.o(.text) refers to stm32l1xx_gpio.o(.text) for GPIO_Init
    tm7707.o(.text) refers to stm32l1xx_rcc.o(.text) for RCC_AHBPeriphClockCmd
    tm7707.o(.text) refers to stm32l1xx_gpio.o(.text) for GPIO_Init
    tm7707.o(.text) refers to delay.o(.text) for delay_us
    tm7707.o(.text) refers to stm32l1xx_spi.o(.text) for SPI_I2S_GetFlagStatus
    tm7707.o(.text) refers to spi.o(.text) for SPI2_Init
    tm7707.o(.text) refers to tim.o(.data) for Time_OutCnt
    key.o(.text) refers to stm32l1xx_rcc.o(.text) for RCC_AHBPeriphClockCmd
    key.o(.text) refers to stm32l1xx_gpio.o(.text) for GPIO_Init
    key.o(.text) refers to key.o(.data) for Pin
    rs485.o(.text) refers to stm32l1xx_rcc.o(.text) for RCC_AHBPeriphClockCmd
    rs485.o(.text) refers to stm32l1xx_dma.o(.text) for DMA_DeInit
    rs485.o(.text) refers to stm32l1xx_usart.o(.text) for USART_ITConfig
    rs485.o(.text) refers to stm32l1xx_gpio.o(.text) for GPIO_Init
    rs485.o(.text) refers to misc.o(.text) for NVIC_Init
    rs485.o(.text) refers to key.o(.text) for GetNodeAddress
    rs485.o(.text) refers to memseta.o(.text) for __aeabi_memclr4
    rs485.o(.text) refers to memcpya.o(.text) for __aeabi_memcpy4
    rs485.o(.text) refers to delay.o(.text) for delay_ms
    rs485.o(.text) refers to eeprom.o(.text) for EEPROM_WriteBytes
    rs485.o(.text) refers to rs485.o(.bss) for AB_Buffer_UART2_RX
    rs485.o(.text) refers to rs485.o(.data) for NodeAdderss
    rs485.o(.text) refers to adc.o(.text) for Myrand
    rs485.o(.text) refers to tm7707.o(.text) for TM7707_SelfCalibration
    rs485.o(.text) refers to dfltui.o(.text) for __aeabi_ui2d
    rs485.o(.text) refers to dmul.o(.text) for __aeabi_dmul
    rs485.o(.text) refers to ddiv.o(.text) for __aeabi_ddiv
    rs485.o(.text) refers to cdcmple.o(.text) for __aeabi_cdcmple
    rs485.o(.text) refers to dadd.o(.text) for __aeabi_dadd
[...]
    printf8.o(i.__0fprintf$8) refers to main.o(.text) for fputc
    printf8.o(i.__0printf$8) refers to printf8.o(i._printf_core) for _printf_core
    printf8.o(i.__0printf$8) refers to main.o(.text) for fputc
    printf8.o(i.__0printf$8) refers to stdout.o(.data) for __stdout
    printf8.o(i.__0snprintf$8) refers to printf8.o(i._printf_core) for _printf_core
    printf8.o(i.__0snprintf$8) refers to printf8.o(i._snputc) for _snputc
    printf8.o(i.__0sprintf$8) refers to printf8.o(i._printf_core) for _printf_core
    printf8.o(i.__0sprintf$8) refers to printf8.o(i._sputc) for _sputc
    printf8.o(i.__0vfprintf$8) refers to printf8.o(i._printf_core) for _printf_core
    printf8.o(i.__0vfprintf$8) refers to main.o(.text) for fputc
    printf8.o(i.__0vprintf$8) refers to printf8.o(i._printf_core) for _printf_core
    printf8.o(i.__0vprintf$8) refers to main.o(.text) for fputc
    printf8.o(i.__0vprintf$8) refers to stdout.o(.data) for __stdout
    printf8.o(i.__0vsnprintf$8) refers to printf8.o(i._printf_core) for _printf_core
    printf8.o(i.__0vsnprintf$8) refers to printf8.o(i._snputc) for _snputc
    printf8.o(i.__0vsprintf$8) refers to printf8.o(i._printf_core) for _printf_core
    printf8.o(i.__0vsprintf$8) refers to printf8.o(i._sputc) for _sputc
    printf8.o(i._printf_core) refers to printf8.o(i._printf_pre_padding) for _printf_pre_padding
    printf8.o(i._printf_core) refers to uldiv.o(.text) for __aeabi_uldivmod
    printf8.o(i._printf_core) refers to printf8.o(i._printf_post_padding) for _printf_post_padding
    printfa.o(i.__0fprintf) refers (Special) to iusefp.o(.text) for __I$use$fp
    printfa.o(i.__0fprintf) refers to printfa.o(i._printf_core) for _printf_core
    printfa.o(i.__0fprintf) refers to main.o(.text) for fputc
    printfa.o(i.__0printf) refers (Special) to iusefp.o(.text) for __I$use$fp
    printfa.o(i.__0printf) refers to printfa.o(i._printf_core) for _printf_core
    printfa.o(i.__0printf) refers to main.o(.text) for fputc
    printfa.o(i.__0printf) refers to stdout.o(.data) for __stdout
    printfa.o(i.__0snprintf) refers (Special) to iusefp.o(.text) for __I$use$fp
    printfa.o(i.__0snprintf) refers to printfa.o(i._printf_core) for _printf_core
    printfa.o(i.__0snprintf) refers to printfa.o(i._snputc) for _snputc
    printfa.o(i.__0sprintf) refers (Special) to iusefp.o(.text) for __I$use$fp
    printfa.o(i.__0sprintf) refers to printfa.o(i._printf_core) for _printf_core
    printfa.o(i.__0sprintf) refers to printfa.o(i._sputc) for _sputc
    printfa.o(i.__0vfprintf) refers (Special) to iusefp.o(.text) for __I$use$fp
    printfa.o(i.__0vfprintf) refers to printfa.o(i._printf_core) for _printf_core
    printfa.o(i.__0vfprintf) refers to main.o(.text) for fputc
    printfa.o(i.__0vprintf) refers (Special) to iusefp.o(.text) for __I$use$fp
    printfa.o(i.__0vprintf) refers to printfa.o(i._printf_core) for _printf_core
    printfa.o(i.__0vprintf) refers to main.o(.text) for fputc
    printfa.o(i.__0vprintf) refers to stdout.o(.data) for __stdout
    printfa.o(i.__0vsnprintf) refers (Special) to iusefp.o(.text) for __I$use$fp
    printfa.o(i.__0vsnprintf) refers to printfa.o(i._printf_core) for _printf_core
    printfa.o(i.__0vsnprintf) refers to printfa.o(i._snputc) for _snputc
    printfa.o(i.__0vsprintf) refers (Special) to iusefp.o(.text) for __I$use$fp
    printfa.o(i.__0vsprintf) refers to printfa.o(i._printf_core) for _printf_core
    printfa.o(i.__0vsprintf) refers to printfa.o(i._sputc) for _sputc
    printfa.o(i._fp_digits) refers (Special) to iusefp.o(.text) for __I$use$fp
    printfa.o(i._fp_digits) refers to dmul.o(.text) for __aeabi_dmul
    printfa.o(i._fp_digits) refers to ddiv.o(.text) for __aeabi_ddiv
    printfa.o(i._fp_digits) refers to cdrcmple.o(.text) for __aeabi_cdrcmple
    printfa.o(i._fp_digits) refers to dadd.o(.text) for __aeabi_dadd
    printfa.o(i._fp_digits) refers to dfixul.o(.text) for __aeabi_d2ulz
    printfa.o(i._fp_digits) refers to uldiv.o(.text) for __aeabi_uldivmod
    printfa.o(i._printf_core) refers (Special) to iusefp.o(.text) for __I$use$fp
    printfa.o(i._printf_core) refers to printfa.o(i._printf_pre_padding) for _printf_pre_padding
    printfa.o(i._printf_core) refers to uldiv.o(.text) for __aeabi_uldivmod
    printfa.o(i._printf_core) refers to printfa.o(i._printf_post_padding) for _printf_post_padding
    printfa.o(i._printf_core) refers to printfa.o(i._fp_digits) for _fp_digits
    printfa.o(i._printf_core) refers to uidiv.o(.text) for __aeabi_uidivmod
    printfa.o(i._printf_post_padding) refers (Special) to iusefp.o(.text) for __I$use$fp
    printfa.o(i._printf_pre_padding) refers (Special) to iusefp.o(.text) for __I$use$fp
    printfa.o(i._snputc) refers (Special) to iusefp.o(.text) for __I$use$fp
    printfa.o(i._sputc) refers (Special) to iusefp.o(.text) for __I$use$fp
    dadd.o(.text) refers (Special) to iusefp.o(.text) for __I$use$fp
    dadd.o(.text) refers to llshl.o(.text) for __aeabi_llsl
    dadd.o(.text) refers to llsshr.o(.text) for __aeabi_lasr
    dadd.o(.text) refers to depilogue.o(.text) for _double_epilogue
    dmul.o(.text) refers (Special) to iusefp.o(.text) for __I$use$fp
    dmul.o(.text) refers to depilogue.o(.text) for _double_epilogue
    ddiv.o(.text) refers (Special) to iusefp.o(.text) for __I$use$fp
    ddiv.o(.text) refers to depilogue.o(.text) for _double_round
    dflti.o(.text) refers (Special) to iusefp.o(.text) for __I$use$fp
    dflti.o(.text) refers to depilogue.o(.text) for _double_epilogue
    dfltui.o(.text) refers (Special) to iusefp.o(.text) for __I$use$fp
    dfltui.o(.text) refers to depilogue.o(.text) for _double_epilogue
    cdcmple.o(.text) refers (Special) to iusefp.o(.text) for __I$use$fp
    cdrcmple.o(.text) refers (Special) to iusefp.o(.text) for __I$use$fp
    entry2.o(.ARM.Collect$$$$00000001) refers to entry2.o(.ARM.Collect$$$$00002712) for __lit__00000000
    entry2.o(.ARM.Collect$$$$00002712) refers to startup_stm32l1xx_md.o(STACK) for __initial_sp
    entry2.o(__vectab_stack_and_reset_area) refers to startup_stm32l1xx_md.o(STACK) for __initial_sp
    entry2.o(__vectab_stack_and_reset_area) refers to entry.o(.ARM.Collect$$$$00000000) for __main
    entry5.o(.ARM.Collect$$$$00000004) refers to init.o(.text) for __scatterload
    entry9a.o(.ARM.Collect$$$$0000000B) refers to main.o(.text) for main
    entry9b.o(.ARM.Collect$$$$0000000C) refers to main.o(.text) for main
    uldiv.o(.text) refers to llushr.o(.text) for __aeabi_llsr
    uldiv.o(.text) refers to llshl.o(.text) for __aeabi_llsl
    depilogue.o(.text) refers to llshl.o(.text) for __aeabi_llsl
    depilogue.o(.text) refers to llushr.o(.text) for __aeabi_llsr
    dfixul.o(.text) refers to llushr.o(.text) for __aeabi_llsr
    dfixul.o(.text) refers to llshl.o(.text) for __aeabi_llsl
    init.o(.text) refers to entry5.o(.ARM.Collect$$$$00000004) for __main_after_scatterload


==============================================================================

Removing Unused input sections from the image.

    Removing startup_stm32l1xx_md.o(HEAP), (512 bytes).
    Removing misc.o(.rev16_text), (4 bytes).
    Removing misc.o(.revsh_text), (4 bytes).
    Removing stm32l1xx_adc.o(.rev16_text), (4 bytes).
    Removing stm32l1xx_adc.o(.revsh_text), (4 bytes).
    Removing stm32l1xx_aes.o(.rev16_text), (4 bytes).
    Removing stm32l1xx_aes.o(.revsh_text), (4 bytes).
    Removing stm32l1xx_aes.o(.text), (416 bytes).
    Removing stm32l1xx_aes_util.o(.rev16_text), (4 bytes).
    Removing stm32l1xx_aes_util.o(.revsh_text), (4 bytes).
    Removing stm32l1xx_aes_util.o(.text), (1618 bytes).
    Removing stm32l1xx_comp.o(.rev16_text), (4 bytes).
    Removing stm32l1xx_comp.o(.revsh_text), (4 bytes).
    Removing stm32l1xx_comp.o(.text), (208 bytes).
    Removing stm32l1xx_crc.o(.rev16_text), (4 bytes).
    Removing stm32l1xx_crc.o(.revsh_text), (4 bytes).
    Removing stm32l1xx_crc.o(.text), (72 bytes).
    Removing stm32l1xx_dac.o(.rev16_text), (4 bytes).
    Removing stm32l1xx_dac.o(.revsh_text), (4 bytes).
    Removing stm32l1xx_dac.o(.text), (528 bytes).
    Removing stm32l1xx_dbgmcu.o(.rev16_text), (4 bytes).
    Removing stm32l1xx_dbgmcu.o(.revsh_text), (4 bytes).
    Removing stm32l1xx_dbgmcu.o(.text), (100 bytes).
    Removing stm32l1xx_dma.o(.rev16_text), (4 bytes).
    Removing stm32l1xx_dma.o(.revsh_text), (4 bytes).
    Removing stm32l1xx_exti.o(.rev16_text), (4 bytes).
    Removing stm32l1xx_exti.o(.revsh_text), (4 bytes).
    Removing stm32l1xx_exti.o(.text), (280 bytes).
    Removing stm32l1xx_flash.o(.rev16_text), (4 bytes).
    Removing stm32l1xx_flash.o(.revsh_text), (4 bytes).
    Removing stm32l1xx_flash.o(.text), (1724 bytes).
    Removing stm32l1xx_fsmc.o(.rev16_text), (4 bytes).
    Removing stm32l1xx_fsmc.o(.revsh_text), (4 bytes).
    Removing stm32l1xx_fsmc.o(.text), (444 bytes).
    Removing stm32l1xx_gpio.o(.rev16_text), (4 bytes).
    Removing stm32l1xx_gpio.o(.revsh_text), (4 bytes).
    Removing stm32l1xx_i2c.o(.rev16_text), (4 bytes).
    Removing stm32l1xx_i2c.o(.revsh_text), (4 bytes).
    Removing stm32l1xx_i2c.o(.text), (1024 bytes).
    Removing stm32l1xx_iwdg.o(.rev16_text), (4 bytes).
    Removing stm32l1xx_iwdg.o(.revsh_text), (4 bytes).
    Removing stm32l1xx_iwdg.o(.text), (64 bytes).
    Removing stm32l1xx_lcd.o(.rev16_text), (4 bytes).
    Removing stm32l1xx_lcd.o(.revsh_text), (4 bytes).
    Removing stm32l1xx_lcd.o(.text), (408 bytes).
    Removing stm32l1xx_opamp.o(.rev16_text), (4 bytes).
    Removing stm32l1xx_opamp.o(.revsh_text), (4 bytes).
    Removing stm32l1xx_opamp.o(.text), (468 bytes).
    Removing stm32l1xx_pwr.o(.rev16_text), (4 bytes).
    Removing stm32l1xx_pwr.o(.revsh_text), (4 bytes).
    Removing stm32l1xx_pwr.o(.text), (344 bytes).
    Removing stm32l1xx_rcc.o(.rev16_text), (4 bytes).
    Removing stm32l1xx_rcc.o(.revsh_text), (4 bytes).
    Removing stm32l1xx_rtc.o(.rev16_text), (4 bytes).
    Removing stm32l1xx_rtc.o(.revsh_text), (4 bytes).
    Removing stm32l1xx_rtc.o(.text), (3392 bytes).
    Removing stm32l1xx_sdio.o(.rev16_text), (4 bytes).
    Removing stm32l1xx_sdio.o(.revsh_text), (4 bytes).
    Removing stm32l1xx_sdio.o(.text), (476 bytes).
    Removing stm32l1xx_spi.o(.rev16_text), (4 bytes).
    Removing stm32l1xx_spi.o(.revsh_text), (4 bytes).
    Removing stm32l1xx_syscfg.o(.rev16_text), (4 bytes).
    Removing stm32l1xx_syscfg.o(.revsh_text), (4 bytes).
    Removing stm32l1xx_syscfg.o(.text), (744 bytes).
    Removing stm32l1xx_tim.o(.rev16_text), (4 bytes).
    Removing stm32l1xx_tim.o(.revsh_text), (4 bytes).
    Removing stm32l1xx_usart.o(.rev16_text), (4 bytes).
    Removing stm32l1xx_usart.o(.revsh_text), (4 bytes).
    Removing stm32l1xx_wwdg.o(.rev16_text), (4 bytes).
    Removing stm32l1xx_wwdg.o(.revsh_text), (4 bytes).
    Removing stm32l1xx_wwdg.o(.text), (144 bytes).
    Removing main.o(.rev16_text), (4 bytes).
    Removing main.o(.revsh_text), (4 bytes).
    Removing system_stm32l1xx.o(.rev16_text), (4 bytes).
    Removing system_stm32l1xx.o(.revsh_text), (4 bytes).
    Removing stm32l1xx_it.o(.rev16_text), (4 bytes).
    Removing stm32l1xx_it.o(.revsh_text), (4 bytes).
    Removing stm32l1xx_it.o(.data), (2 bytes).
    Removing led.o(.rev16_text), (4 bytes).
    Removing led.o(.revsh_text), (4 bytes).
    Removing delay.o(.rev16_text), (4 bytes).
    Removing delay.o(.revsh_text), (4 bytes).
    Removing sys.o(.rev16_text), (4 bytes).
    Removing sys.o(.revsh_text), (4 bytes).
    Removing sys.o(.emb_text), (12 bytes).
    Removing sys.o(.text), (608 bytes).
    Removing spi.o(.rev16_text), (4 bytes).
    Removing spi.o(.revsh_text), (4 bytes).
    Removing tm7707.o(.rev16_text), (4 bytes).
    Removing tm7707.o(.revsh_text), (4 bytes).
    Removing key.o(.rev16_text), (4 bytes).
    Removing key.o(.revsh_text), (4 bytes).
    Removing rs485.o(.rev16_text), (4 bytes).
    Removing rs485.o(.revsh_text), (4 bytes).
    Removing relay.o(.rev16_text), (4 bytes).
    Removing relay.o(.revsh_text), (4 bytes).
    Removing eeprom.o(.rev16_text), (4 bytes).
    Removing eeprom.o(.revsh_text), (4 bytes).
    Removing tim.o(.rev16_text), (4 bytes).
    Removing tim.o(.revsh_text), (4 bytes).
    Removing adc.o(.rev16_text), (4 bytes).
    Removing adc.o(.revsh_text), (4 bytes).

102 unused section(s) (total 13908 bytes) removed from the image.

==============================================================================

Image Symbol Table

    Local Symbols

    Symbol Name                              Value     Ov Type        Size  Object(Section)

    ../clib/microlib/division.c              0x00000000   Number         0  uldiv.o ABSOLUTE
    ../clib/microlib/division.c              0x00000000   Number         0  uidiv.o ABSOLUTE
    ../clib/microlib/init/entry.s            0x00000000   Number         0  entry8b.o ABSOLUTE
    ../clib/microlib/init/entry.s            0x00000000   Number         0  entry.o ABSOLUTE
    ../clib/microlib/init/entry.s            0x00000000   Number         0  entry8a.o ABSOLUTE
    ../clib/microlib/init/entry.s            0x00000000   Number         0  entry11a.o ABSOLUTE
    ../clib/microlib/init/entry.s            0x00000000   Number         0  entry2.o ABSOLUTE
    ../clib/microlib/init/entry.s            0x00000000   Number         0  entry5.o ABSOLUTE
    ../clib/microlib/init/entry.s            0x00000000   Number         0  entry7a.o ABSOLUTE
    ../clib/microlib/init/entry.s            0x00000000   Number         0  entry7b.o ABSOLUTE
    ../clib/microlib/init/entry.s            0x00000000   Number         0  entry11b.o ABSOLUTE
    ../clib/microlib/init/entry.s            0x00000000   Number         0  entry10b.o ABSOLUTE
    ../clib/microlib/init/entry.s            0x00000000   Number         0  entry10a.o ABSOLUTE
    ../clib/microlib/init/entry.s            0x00000000   Number         0  entry9b.o ABSOLUTE
    ../clib/microlib/init/entry.s            0x00000000   Number         0  entry9a.o ABSOLUTE
    ../clib/microlib/longlong.c              0x00000000   Number         0  llushr.o ABSOLUTE
    ../clib/microlib/longlong.c              0x00000000   Number         0  llsshr.o ABSOLUTE
    ../clib/microlib/longlong.c              0x00000000   Number         0  llshl.o ABSOLUTE
    ../clib/microlib/printf/printf.c         0x00000000   Number         0  printfa.o ABSOLUTE
    ../clib/microlib/printf/printf.c         0x00000000   Number         0  printf5.o ABSOLUTE
    ../clib/microlib/printf/printf.c         0x00000000   Number         0  printfb.o ABSOLUTE
    ../clib/microlib/printf/printf.c         0x00000000   Number         0  printf8.o ABSOLUTE
    ../clib/microlib/printf/printf.c         0x00000000   Number         0  printf7.o ABSOLUTE
    ../clib/microlib/printf/printf.c         0x00000000   Number         0  printf6.o ABSOLUTE
    ../clib/microlib/printf/printf.c         0x00000000   Number         0  printf4.o ABSOLUTE
    ../clib/microlib/printf/printf.c         0x00000000   Number         0  printf3.o ABSOLUTE
    ../clib/microlib/printf/printf.c         0x00000000   Number         0  printf2.o ABSOLUTE
    ../clib/microlib/printf/printf.c         0x00000000   Number         0  printf1.o ABSOLUTE
    ../clib/microlib/printf/printf.c         0x00000000   Number         0  printf0.o ABSOLUTE
    ../clib/microlib/printf/stubs.s          0x00000000   Number         0  stubs.o ABSOLUTE
    ../clib/microlib/stdio/streams.c         0x00000000   Number         0  stdout.o ABSOLUTE
    ../clib/microlib/string/memcpy.c         0x00000000   Number         0  memcpya.o ABSOLUTE
    ../clib/microlib/string/memcpy.c         0x00000000   Number         0  memcpyb.o ABSOLUTE
    ../clib/microlib/string/memset.c         0x00000000   Number         0  memseta.o ABSOLUTE
    ../clib/microlib/stubs.s                 0x00000000   Number         0  iusefp.o ABSOLUTE
    ../fplib/microlib/fpadd.c                0x00000000   Number         0  dadd.o ABSOLUTE
    ../fplib/microlib/fpdiv.c                0x00000000   Number         0  ddiv.o ABSOLUTE
    ../fplib/microlib/fpepilogue.c           0x00000000   Number         0  depilogue.o ABSOLUTE
    ../fplib/microlib/fpfix.c                0x00000000   Number         0  dfixul.o ABSOLUTE
    ../fplib/microlib/fpflt.c                0x00000000   Number         0  dflti.o ABSOLUTE
    ../fplib/microlib/fpflt.c                0x00000000   Number         0  dfltui.o ABSOLUTE
    ../fplib/microlib/fpmul.c                0x00000000   Number         0  dmul.o ABSOLUTE
    ..\Driver\Adc.c                          0x00000000   Number         0  adc.o ABSOLUTE
    ..\Driver\TIM.c                          0x00000000   Number         0  tim.o ABSOLUTE
    ..\Driver\TM7707.c                       0x00000000   Number         0  tm7707.o ABSOLUTE
    ..\Driver\eeprom.c                       0x00000000   Number         0  eeprom.o ABSOLUTE
    ..\Driver\key.c                          0x00000000   Number         0  key.o ABSOLUTE
    ..\Driver\led\led.c                      0x00000000   Number         0  led.o ABSOLUTE
    ..\Driver\relay.c                        0x00000000   Number         0  relay.o ABSOLUTE
    ..\Driver\rs485.c                        0x00000000   Number         0  rs485.o ABSOLUTE
    ..\Driver\spi.c                          0x00000000   Number         0  spi.o ABSOLUTE
    ..\Driver\system\delay\delay.c           0x00000000   Number         0  delay.o ABSOLUTE
    ..\Driver\system\sys\sys.c               0x00000000   Number         0  sys.o ABSOLUTE
    ..\STM32L1xx_StdPeriph_Driver\src\misc.c 0x00000000   Number         0  misc.o ABSOLUTE
    ..\STM32L1xx_StdPeriph_Driver\src\stm32l1xx_adc.c 0x00000000   Number         0  stm32l1xx_adc.o ABSOLUTE
    ..\STM32L1xx_StdPeriph_Driver\src\stm32l1xx_aes.c 0x00000000   Number         0  stm32l1xx_aes.o ABSOLUTE
    ..\STM32L1xx_StdPeriph_Driver\src\stm32l1xx_aes_util.c 0x00000000   Number         0  stm32l1xx_aes_util.o ABSOLUTE
    ..\STM32L1xx_StdPeriph_Driver\src\stm32l1xx_comp.c 0x00000000   Number         0  stm32l1xx_comp.o ABSOLUTE
    ..\STM32L1xx_StdPeriph_Driver\src\stm32l1xx_crc.c 0x00000000   Number         0  stm32l1xx_crc.o ABSOLUTE
    ..\STM32L1xx_StdPeriph_Driver\src\stm32l1xx_dac.c 0x00000000   Number         0  stm32l1xx_dac.o ABSOLUTE
    ..\STM32L1xx_StdPeriph_Driver\src\stm32l1xx_dbgmcu.c 0x00000000   Number         0  stm32l1xx_dbgmcu.o ABSOLUTE
    ..\STM32L1xx_StdPeriph_Driver\src\stm32l1xx_dma.c 0x00000000   Number         0  stm32l1xx_dma.o ABSOLUTE
    ..\STM32L1xx_StdPeriph_Driver\src\stm32l1xx_exti.c 0x00000000   Number         0  stm32l1xx_exti.o ABSOLUTE
    ..\STM32L1xx_StdPeriph_Driver\src\stm32l1xx_flash.c 0x00000000   Number         0  stm32l1xx_flash.o ABSOLUTE
    ..\STM32L1xx_StdPeriph_Driver\src\stm32l1xx_fsmc.c 0x00000000   Number         0  stm32l1xx_fsmc.o ABSOLUTE
    ..\STM32L1xx_StdPeriph_Driver\src\stm32l1xx_gpio.c 0x00000000   Number         0  stm32l1xx_gpio.o ABSOLUTE
    ..\STM32L1xx_StdPeriph_Driver\src\stm32l1xx_i2c.c 0x00000000   Number         0  stm32l1xx_i2c.o ABSOLUTE
    ..\STM32L1xx_StdPeriph_Driver\src\stm32l1xx_iwdg.c 0x00000000   Number         0  stm32l1xx_iwdg.o ABSOLUTE
    ..\STM32L1xx_StdPeriph_Driver\src\stm32l1xx_lcd.c 0x00000000   Number         0  stm32l1xx_lcd.o ABSOLUTE
    ..\STM32L1xx_StdPeriph_Driver\src\stm32l1xx_opamp.c 0x00000000   Number         0  stm32l1xx_opamp.o ABSOLUTE
    ..\STM32L1xx_StdPeriph_Driver\src\stm32l1xx_pwr.c 0x00000000   Number         0  stm32l1xx_pwr.o ABSOLUTE
    ..\STM32L1xx_StdPeriph_Driver\src\stm32l1xx_rcc.c 0x00000000   Number         0  stm32l1xx_rcc.o ABSOLUTE
    ..\STM32L1xx_StdPeriph_Driver\src\stm32l1xx_rtc.c 0x00000000   Number         0  stm32l1xx_rtc.o ABSOLUTE
    ..\STM32L1xx_StdPeriph_Driver\src\stm32l1xx_sdio.c 0x00000000   Number         0  stm32l1xx_sdio.o ABSOLUTE
    ..\STM32L1xx_StdPeriph_Driver\src\stm32l1xx_spi.c 0x00000000   Number         0  stm32l1xx_spi.o ABSOLUTE
    ..\STM32L1xx_StdPeriph_Driver\src\stm32l1xx_syscfg.c 0x00000000   Number         0  stm32l1xx_syscfg.o ABSOLUTE
    ..\STM32L1xx_StdPeriph_Driver\src\stm32l1xx_tim.c 0x00000000   Number         0  stm32l1xx_tim.o ABSOLUTE
    ..\STM32L1xx_StdPeriph_Driver\src\stm32l1xx_usart.c 0x00000000   Number         0  stm32l1xx_usart.o ABSOLUTE
    ..\STM32L1xx_StdPeriph_Driver\src\stm32l1xx_wwdg.c 0x00000000   Number         0  stm32l1xx_wwdg.o ABSOLUTE
    ..\\Driver\\Adc.c                        0x00000000   Number         0  adc.o ABSOLUTE
    ..\\Driver\\TIM.c                        0x00000000   Number         0  tim.o ABSOLUTE
    ..\\Driver\\TM7707.c                     0x00000000   Number         0  tm7707.o ABSOLUTE
    ..\\Driver\\eeprom.c                     0x00000000   Number         0  eeprom.o ABSOLUTE
    ..\\Driver\\key.c                        0x00000000   Number         0  key.o ABSOLUTE
    ..\\Driver\\led\\led.c                   0x00000000   Number         0  led.o ABSOLUTE
    ..\\Driver\\relay.c                      0x00000000   Number         0  relay.o ABSOLUTE
    ..\\Driver\\rs485.c                      0x00000000   Number         0  rs485.o ABSOLUTE
    ..\\Driver\\spi.c                        0x00000000   Number         0  spi.o ABSOLUTE
    ..\\Driver\\system\\delay\\delay.c       0x00000000   Number         0  delay.o ABSOLUTE
    ..\\Driver\\system\\sys\\sys.c           0x00000000   Number         0  sys.o ABSOLUTE
    ..\\STM32L1xx_StdPeriph_Driver\\src\\misc.c 0x00000000   Number         0  misc.o ABSOLUTE
    ..\\STM32L1xx_StdPeriph_Driver\\src\\stm32l1xx_adc.c 0x00000000   Number         0  stm32l1xx_adc.o ABSOLUTE
    ..\\STM32L1xx_StdPeriph_Driver\\src\\stm32l1xx_aes.c 0x00000000   Number         0  stm32l1xx_aes.o ABSOLUTE
    ..\\STM32L1xx_StdPeriph_Driver\\src\\stm32l1xx_aes_util.c 0x00000000   Number         0  stm32l1xx_aes_util.o ABSOLUTE
    ..\\STM32L1xx_StdPeriph_Driver\\src\\stm32l1xx_comp.c 0x00000000   Number         0  stm32l1xx_comp.o ABSOLUTE
    ..\\STM32L1xx_StdPeriph_Driver\\src\\stm32l1xx_crc.c 0x00000000   Number         0  stm32l1xx_crc.o ABSOLUTE
    ..\\STM32L1xx_StdPeriph_Driver\\src\\stm32l1xx_dac.c 0x00000000   Number         0  stm32l1xx_dac.o ABSOLUTE
    ..\\STM32L1xx_StdPeriph_Driver\\src\\stm32l1xx_dbgmcu.c 0x00000000   Number         0  stm32l1xx_dbgmcu.o ABSOLUTE
    ..\\STM32L1xx_StdPeriph_Driver\\src\\stm32l1xx_dma.c 0x00000000   Number         0  stm32l1xx_dma.o ABSOLUTE
    ..\\STM32L1xx_StdPeriph_Driver\\src\\stm32l1xx_exti.c 0x00000000   Number         0  stm32l1xx_exti.o ABSOLUTE
    ..\\STM32L1xx_StdPeriph_Driver\\src\\stm32l1xx_flash.c 0x00000000   Number         0  stm32l1xx_flash.o ABSOLUTE
    ..\\STM32L1xx_StdPeriph_Driver\\src\\stm32l1xx_fsmc.c 0x00000000   Number         0  stm32l1xx_fsmc.o ABSOLUTE
    ..\\STM32L1xx_StdPeriph_Driver\\src\\stm32l1xx_gpio.c 0x00000000   Number         0  stm32l1xx_gpio.o ABSOLUTE
    ..\\STM32L1xx_StdPeriph_Driver\\src\\stm32l1xx_i2c.c 0x00000000   Number         0  stm32l1xx_i2c.o ABSOLUTE
    ..\\STM32L1xx_StdPeriph_Driver\\src\\stm32l1xx_iwdg.c 0x00000000   Number         0  stm32l1xx_iwdg.o ABSOLUTE
    ..\\STM32L1xx_StdPeriph_Driver\\src\\stm32l1xx_lcd.c 0x00000000   Number         0  stm32l1xx_lcd.o ABSOLUTE
    ..\\STM32L1xx_StdPeriph_Driver\\src\\stm32l1xx_opamp.c 0x00000000   Number         0  stm32l1xx_opamp.o ABSOLUTE
    ..\\STM32L1xx_StdPeriph_Driver\\src\\stm32l1xx_pwr.c 0x00000000   Number         0  stm32l1xx_pwr.o ABSOLUTE
    ..\\STM32L1xx_StdPeriph_Driver\\src\\stm32l1xx_rcc.c 0x00000000   Number         0  stm32l1xx_rcc.o ABSOLUTE
    ..\\STM32L1xx_StdPeriph_Driver\\src\\stm32l1xx_rtc.c 0x00000000   Number         0  stm32l1xx_rtc.o ABSOLUTE
    ..\\STM32L1xx_StdPeriph_Driver\\src\\stm32l1xx_sdio.c 0x00000000   Number         0  stm32l1xx_sdio.o ABSOLUTE
    ..\\STM32L1xx_StdPeriph_Driver\\src\\stm32l1xx_spi.c 0x00000000   Number         0  stm32l1xx_spi.o ABSOLUTE
    ..\\STM32L1xx_StdPeriph_Driver\\src\\stm32l1xx_syscfg.c 0x00000000   Number         0  stm32l1xx_syscfg.o ABSOLUTE
    ..\\STM32L1xx_StdPeriph_Driver\\src\\stm32l1xx_tim.c 0x00000000   Number         0  stm32l1xx_tim.o ABSOLUTE
    ..\\STM32L1xx_StdPeriph_Driver\\src\\stm32l1xx_usart.c 0x00000000   Number         0  stm32l1xx_usart.o ABSOLUTE
    ..\\STM32L1xx_StdPeriph_Driver\\src\\stm32l1xx_wwdg.c 0x00000000   Number         0  stm32l1xx_wwdg.o ABSOLUTE
    ..\\main\\main.c                         0x00000000   Number         0  main.o ABSOLUTE
    ..\\main\\stm32l1xx_it.c                 0x00000000   Number         0  stm32l1xx_it.o ABSOLUTE
    ..\\main\\system_stm32l1xx.c             0x00000000   Number         0  system_stm32l1xx.o ABSOLUTE
    ..\main\main.c                           0x00000000   Number         0  main.o ABSOLUTE
    ..\main\stm32l1xx_it.c                   0x00000000   Number         0  stm32l1xx_it.o ABSOLUTE
    ..\main\system_stm32l1xx.c               0x00000000   Number         0  system_stm32l1xx.o ABSOLUTE
    cdcmple.s                                0x00000000   Number         0  cdcmple.o ABSOLUTE
    cdrcmple.s                               0x00000000   Number         0  cdrcmple.o ABSOLUTE
    dc.s                                     0x00000000   Number         0  dc.o ABSOLUTE
    handlers.s                               0x00000000   Number         0  handlers.o ABSOLUTE
    init.s                                   0x00000000   Number         0  init.o ABSOLUTE
    startup_stm32l1xx_md.s                   0x00000000   Number         0  startup_stm32l1xx_md.o ABSOLUTE
    RESET                                    0x08000000   Section      244  startup_stm32l1xx_md.o(RESET)
    .ARM.Collect$$$$00000000                 0x080000f4   Section        0  entry.o(.ARM.Collect$$$$00000000)
    .ARM.Collect$$$$00000001                 0x080000f4   Section        4  entry2.o(.ARM.Collect$$$$00000001)
    .ARM.Collect$$$$00000004                 0x080000f8   Section        4  entry5.o(.ARM.Collect$$$$00000004)
    .ARM.Collect$$$$00000008                 0x080000fc   Section        0  entry7b.o(.ARM.Collect$$$$00000008)
    .ARM.Collect$$$$0000000A                 0x080000fc   Section        0  entry8b.o(.ARM.Collect$$$$0000000A)
    .ARM.Collect$$$$0000000B                 0x080000fc   Section        8  entry9a.o(.ARM.Collect$$$$0000000B)
    .ARM.Collect$$$$0000000D                 0x08000104   Section        0  entry10a.o(.ARM.Collect$$$$0000000D)
    .ARM.Collect$$$$0000000F                 0x08000104   Section        0  entry11a.o(.ARM.Collect$$$$0000000F)
    .ARM.Collect$$$$00002712                 0x08000104   Section        4  entry2.o(.ARM.Collect$$$$00002712)
    __lit__00000000                          0x08000104   Data           4  entry2.o(.ARM.Collect$$$$00002712)
    .text                                    0x08000108   Section       36  startup_stm32l1xx_md.o(.text)
    .text                                    0x0800012c   Section        0  misc.o(.text)
    .text                                    0x0800020c   Section        0  stm32l1xx_adc.o(.text)
    .text                                    0x08000740   Section        0  stm32l1xx_dma.o(.text)
    .text                                    0x08000994   Section        0  stm32l1xx_gpio.o(.text)
    .text                                    0x08000bd0   Section        0  stm32l1xx_rcc.o(.text)
    .text                                    0x08001060   Section        0  stm32l1xx_spi.o(.text)
    .text                                    0x0800135c   Section        0  stm32l1xx_tim.o(.text)
    TI4_Config                               0x080018df   Thumb Code    80  stm32l1xx_tim.o(.text)
    TI3_Config                               0x08001941   Thumb Code    72  stm32l1xx_tim.o(.text)
    TI2_Config                               0x080019a3   Thumb Code    80  stm32l1xx_tim.o(.text)
    TI1_Config                               0x08001a05   Thumb Code    58  stm32l1xx_tim.o(.text)
    .text                                    0x08001d68   Section        0  stm32l1xx_usart.o(.text)
    .text                                    0x08002160   Section        0  main.o(.text)
    .text                                    0x080021d8   Section        0  system_stm32l1xx.o(.text)
    SetSysClock                              0x080021d9   Thumb Code   258  system_stm32l1xx.o(.text)
    .text                                    0x0800242c   Section        0  stm32l1xx_it.o(.text)
    .text                                    0x08002448   Section        0  led.o(.text)
    .text                                    0x08002584   Section        0  delay.o(.text)
    .text                                    0x08002634   Section        0  spi.o(.text)
    .text                                    0x08002784   Section        0  tm7707.o(.text)
    .text                                    0x08002ac4   Section        0  key.o(.text)
    .text                                    0x08002b94   Section        0  rs485.o(.text)
    .text                                    0x0800371c   Section        0  relay.o(.text)
    .text                                    0x08003758   Section        0  eeprom.o(.text)
    .text                                    0x0800387c   Section        0  tim.o(.text)
    .text                                    0x08003a1c   Section        0  adc.o(.text)
    .text                                    0x08003c04   Section        0  memcpya.o(.text)
    .text                                    0x08003c28   Section        0  memseta.o(.text)
    .text                                    0x08003c4c   Section        0  dadd.o(.text)
    .text                                    0x08003d9a   Section        0  dmul.o(.text)
    .text                                    0x08003e7e   Section        0  ddiv.o(.text)
    .text                                    0x08003f5c   Section        0  dflti.o(.text)
    .text                                    0x08003f7e   Section        0  dfltui.o(.text)
    .text                                    0x08003f98   Section       48  cdcmple.o(.text)
    .text                                    0x08003fc8   Section       48  cdrcmple.o(.text)
    .text                                    0x08003ff8   Section        0  uidiv.o(.text)
    .text                                    0x08004024   Section        0  uldiv.o(.text)
    .text                                    0x08004086   Section        0  llshl.o(.text)
    .text                                    0x080040a4   Section        0  llsshr.o(.text)
    .text                                    0x080040c8   Section        0  iusefp.o(.text)
    .text                                    0x080040c8   Section        0  depilogue.o(.text)
    .text                                    0x08004182   Section        0  dfixul.o(.text)
    .text                                    0x080041b4   Section       36  init.o(.text)
    .text                                    0x080041d8   Section        0  llushr.o(.text)
    i.__0printf                              0x080041f8   Section        0  printfa.o(i.__0printf)
    i.__scatterload_copy                     0x08004218   Section       14  handlers.o(i.__scatterload_copy)
    i.__scatterload_null                     0x08004226   Section        2  handlers.o(i.__scatterload_null)
    i.__scatterload_zeroinit                 0x08004228   Section       14  handlers.o(i.__scatterload_zeroinit)
    i._fp_digits                             0x08004238   Section        0  printfa.o(i._fp_digits)
    _fp_digits                               0x08004239   Thumb Code   334  printfa.o(i._fp_digits)
    i._printf_core                           0x0800439c   Section        0  printfa.o(i._printf_core)
    _printf_core                             0x0800439d   Thumb Code  1744  printfa.o(i._printf_core)
    i._printf_post_padding                   0x08004a78   Section        0  printfa.o(i._printf_post_padding)
    _printf_post_padding                     0x08004a79   Thumb Code    36  printfa.o(i._printf_post_padding)
    i._printf_pre_padding                    0x08004a9c   Section        0  printfa.o(i._printf_pre_padding)
    _printf_pre_padding                      0x08004a9d   Thumb Code    46  printfa.o(i._printf_pre_padding)
    .data                                    0x20000000   Section       25  stm32l1xx_rcc.o(.data)
    PLLMulTable                              0x20000000   Data           9  stm32l1xx_rcc.o(.data)
    APBAHBPrescTable                         0x20000009   Data          16  stm32l1xx_rcc.o(.data)
    .data                                    0x2000001c   Section       29  system_stm32l1xx.o(.data)
    .data                                    0x2000003a   Section        4  delay.o(.data)
    fac_us                                   0x2000003a   Data           1  delay.o(.data)
    fac_ms                                   0x2000003c   Data           2  delay.o(.data)
    .data                                    0x20000040   Section       48  key.o(.data)
    Port                                     0x20000040   Data          32  key.o(.data)
    Pin                                      0x20000060   Data          16  key.o(.data)
    .data                                    0x20000070   Section       73  rs485.o(.data)
    .data                                    0x200000bc   Section       16  tim.o(.data)
    .data                                    0x200000cc   Section        4  adc.o(.data)
    .data                                    0x200000d0   Section        4  stdout.o(.data)
    .bss                                     0x200000d8   Section     1288  rs485.o(.bss)
    STACK                                    0x200005e0   Section     1024  startup_stm32l1xx_md.o(STACK)

    Global Symbols

    Symbol Name                              Value     Ov Type        Size  Object(Section)

    BuildAttributes$$THM_ISAv4$P$D$K$B$S$PE$A:L22UL41UL21$X:L11$S22US41US21$IEEE1$IW$USESV6$~STKCKD$USESV7$~SHL$OSPACE$ROPI$EBA8$MICROLIB$REQ8$PRES8$EABIv2 0x00000000   Number         0  anon$$obj.o ABSOLUTE
    __ARM_use_no_argv                        0x00000000   Number         0  main.o ABSOLUTE
    _printf_a                                0x00000000   Number         0  stubs.o ABSOLUTE
    _printf_c                                0x00000000   Number         0  stubs.o ABSOLUTE
    _printf_charcount                        0x00000000   Number         0  stubs.o ABSOLUTE
    _printf_d                                0x00000000   Number         0  stubs.o ABSOLUTE
    _printf_e                                0x00000000   Number         0  stubs.o ABSOLUTE
    _printf_f                                0x00000000   Number         0  stubs.o ABSOLUTE
    _printf_flags                            0x00000000   Number         0  stubs.o ABSOLUTE
    _printf_fp_dec                           0x00000000   Number         0  stubs.o ABSOLUTE
    _printf_fp_hex                           0x00000000   Number         0  stubs.o ABSOLUTE
    _printf_g                                0x00000000   Number         0  stubs.o ABSOLUTE
    _printf_i                                0x00000000   Number         0  stubs.o ABSOLUTE
    _printf_int_dec                          0x00000000   Number         0  stubs.o ABSOLUTE
    _printf_l                                0x00000000   Number         0  stubs.o ABSOLUTE
    _printf_lc                               0x00000000   Number         0  stubs.o ABSOLUTE
    _printf_ll                               0x00000000   Number         0  stubs.o ABSOLUTE
    _printf_lld                              0x00000000   Number         0  stubs.o ABSOLUTE
    _printf_lli                              0x00000000   Number         0  stubs.o ABSOLUTE
    _printf_llo                              0x00000000   Number         0  stubs.o ABSOLUTE
    _printf_llu                              0x00000000   Number         0  stubs.o ABSOLUTE
    _printf_llx                              0x00000000   Number         0  stubs.o ABSOLUTE
    _printf_longlong_dec                     0x00000000   Number         0  stubs.o ABSOLUTE
    _printf_longlong_hex                     0x00000000   Number         0  stubs.o ABSOLUTE
    _printf_longlong_oct                     0x00000000   Number         0  stubs.o ABSOLUTE
    _printf_ls                               0x00000000   Number         0  stubs.o ABSOLUTE
    _printf_mbtowc                           0x00000000   Number         0  stubs.o ABSOLUTE
    _printf_n                                0x00000000   Number         0  stubs.o ABSOLUTE
    _printf_o                                0x00000000   Number         0  stubs.o ABSOLUTE
    _printf_p                                0x00000000   Number         0  stubs.o ABSOLUTE
    _printf_percent                          0x00000000   Number         0  stubs.o ABSOLUTE
    _printf_pre_padding                      0x00000000   Number         0  stubs.o ABSOLUTE
    _printf_return_value                     0x00000000   Number         0  stubs.o ABSOLUTE
    _printf_s                                0x00000000   Number         0  stubs.o ABSOLUTE
    _printf_sizespec                         0x00000000   Number         0  stubs.o ABSOLUTE
    _printf_str                              0x00000000   Number         0  stubs.o ABSOLUTE
    _printf_truncate_signed                  0x00000000   Number         0  stubs.o ABSOLUTE
    _printf_truncate_unsigned                0x00000000   Number         0  stubs.o ABSOLUTE
    _printf_u                                0x00000000   Number         0  stubs.o ABSOLUTE
    _printf_wc                               0x00000000   Number         0  stubs.o ABSOLUTE
    _printf_wctomb                           0x00000000   Number         0  stubs.o ABSOLUTE
    _printf_widthprec                        0x00000000   Number         0  stubs.o ABSOLUTE
    _printf_x                                0x00000000   Number         0  stubs.o ABSOLUTE
    __cpp_initialize__aeabi_                  - Undefined Weak Reference
    __cxa_finalize                            - Undefined Weak Reference
    __decompress                              - Undefined Weak Reference
    _clock_init                               - Undefined Weak Reference
    _microlib_exit                            - Undefined Weak Reference
    __Vectors_Size                           0x000000f4   Number         0  startup_stm32l1xx_md.o ABSOLUTE
    __Vectors                                0x08000000   Data           4  startup_stm32l1xx_md.o(RESET)
    __Vectors_End                            0x080000f4   Data           0  startup_stm32l1xx_md.o(RESET)
    __main                                   0x080000f5   Thumb Code     0  entry.o(.ARM.Collect$$$$00000000)
    _main_stk                                0x080000f5   Thumb Code     0  entry2.o(.ARM.Collect$$$$00000001)
    _main_scatterload                        0x080000f9   Thumb Code     0  entry5.o(.ARM.Collect$$$$00000004)
    __main_after_scatterload                 0x080000fd   Thumb Code     0  entry5.o(.ARM.Collect$$$$00000004)
    _main_clock                              0x080000fd   Thumb Code     0  entry7b.o(.ARM.Collect$$$$00000008)
    _main_cpp_init                           0x080000fd   Thumb Code     0  entry8b.o(.ARM.Collect$$$$0000000A)
    _main_init                               0x080000fd   Thumb Code     0  entry9a.o(.ARM.Collect$$$$0000000B)
    __rt_final_cpp                           0x08000105   Thumb Code     0  entry10a.o(.ARM.Collect$$$$0000000D)
    __rt_final_exit                          0x08000105   Thumb Code     0  entry11a.o(.ARM.Collect$$$$0000000F)
    Reset_Handler                            0x08000109   Thumb Code     8  startup_stm32l1xx_md.o(.text)
    ADC1_IRQHandler                          0x08000123   Thumb Code     0  startup_stm32l1xx_md.o(.text)
    COMP_IRQHandler                          0x08000123   Thumb Code     0  startup_stm32l1xx_md.o(.text)
    DAC_IRQHandler                           0x08000123   Thumb Code     0  startup_stm32l1xx_md.o(.text)
    DMA1_Channel1_IRQHandler                 0x08000123   Thumb Code     0  startup_stm32l1xx_md.o(.text)
    DMA1_Channel2_IRQHandler                 0x08000123   Thumb Code     0  startup_stm32l1xx_md.o(.text)
    DMA1_Channel3_IRQHandler                 0x08000123   Thumb Code     0  startup_stm32l1xx_md.o(.text)
    DMA1_Channel4_IRQHandler                 0x08000123   Thumb Code     0  startup_stm32l1xx_md.o(.text)
    DMA1_Channel5_IRQHandler                 0x08000123   Thumb Code     0  startup_stm32l1xx_md.o(.text)
    DMA1_Channel6_IRQHandler                 0x08000123   Thumb Code     0  startup_stm32l1xx_md.o(.text)
    DMA1_Channel7_IRQHandler                 0x08000123   Thumb Code     0  startup_stm32l1xx_md.o(.text)
    EXTI0_IRQHandler                         0x08000123   Thumb Code     0  startup_stm32l1xx_md.o(.text)
    EXTI15_10_IRQHandler                     0x08000123   Thumb Code     0  startup_stm32l1xx_md.o(.text)
    EXTI1_IRQHandler                         0x08000123   Thumb Code     0  startup_stm32l1xx_md.o(.text)
    EXTI2_IRQHandler                         0x08000123   Thumb Code     0  startup_stm32l1xx_md.o(.text)
    EXTI3_IRQHandler                         0x08000123   Thumb Code     0  startup_stm32l1xx_md.o(.text)
    EXTI4_IRQHandler                         0x08000123   Thumb Code     0  startup_stm32l1xx_md.o(.text)
    EXTI9_5_IRQHandler                       0x08000123   Thumb Code     0  startup_stm32l1xx_md.o(.text)
    FLASH_IRQHandler                         0x08000123   Thumb Code     0  startup_stm32l1xx_md.o(.text)
    I2C1_ER_IRQHandler                       0x08000123   Thumb Code     0  startup_stm32l1xx_md.o(.text)
    I2C1_EV_IRQHandler                       0x08000123   Thumb Code     0  startup_stm32l1xx_md.o(.text)
    I2C2_ER_IRQHandler                       0x08000123   Thumb Code     0  startup_stm32l1xx_md.o(.text)
    I2C2_EV_IRQHandler                       0x08000123   Thumb Code     0  startup_stm32l1xx_md.o(.text)
    LCD_IRQHandler                           0x08000123   Thumb Code     0  startup_stm32l1xx_md.o(.text)
    PVD_IRQHandler                           0x08000123   Thumb Code     0  startup_stm32l1xx_md.o(.text)
    RCC_IRQHandler                           0x08000123   Thumb Code     0  startup_stm32l1xx_md.o(.text)
    RTC_Alarm_IRQHandler                     0x08000123   Thumb Code     0  startup_stm32l1xx_md.o(.text)
    RTC_WKUP_IRQHandler                      0x08000123   Thumb Code     0  startup_stm32l1xx_md.o(.text)
    SPI1_IRQHandler                          0x08000123   Thumb Code     0  startup_stm32l1xx_md.o(.text)
    SPI2_IRQHandler                          0x08000123   Thumb Code     0  startup_stm32l1xx_md.o(.text)
    TAMPER_STAMP_IRQHandler                  0x08000123   Thumb Code     0  startup_stm32l1xx_md.o(.text)
    TIM10_IRQHandler                         0x08000123   Thumb Code     0  startup_stm32l1xx_md.o(.text)
    TIM11_IRQHandler                         0x08000123   Thumb Code     0  startup_stm32l1xx_md.o(.text)
    TIM4_IRQHandler                          0x08000123   Thumb Code     0  startup_stm32l1xx_md.o(.text)
    TIM6_IRQHandler                          0x08000123   Thumb Code     0  startup_stm32l1xx_md.o(.text)
    TIM7_IRQHandler                          0x08000123   Thumb Code     0  startup_stm32l1xx_md.o(.text)
    TIM9_IRQHandler                          0x08000123   Thumb Code     0  startup_stm32l1xx_md.o(.text)
    USART1_IRQHandler                        0x08000123   Thumb Code     0  startup_stm32l1xx_md.o(.text)
    USART3_IRQHandler                        0x08000123   Thumb Code     0  startup_stm32l1xx_md.o(.text)
    USB_FS_WKUP_IRQHandler                   0x08000123   Thumb Code     0  startup_stm32l1xx_md.o(.text)
    USB_HP_IRQHandler                        0x08000123   Thumb Code     0  startup_stm32l1xx_md.o(.text)
    USB_LP_IRQHandler                        0x08000123   Thumb Code     0  startup_stm32l1xx_md.o(.text)
    WWDG_IRQHandler                          0x08000123   Thumb Code     0  startup_stm32l1xx_md.o(.text)
    NVIC_PriorityGroupConfig                 0x0800012d   Thumb Code    10  misc.o(.text)
    NVIC_Init                                0x08000137   Thumb Code   106  misc.o(.text)
    NVIC_SetVectorTable                      0x080001a1   Thumb Code    14  misc.o(.text)
    NVIC_SystemLPConfig                      0x080001af   Thumb Code    34  misc.o(.text)
    SysTick_CLKSourceConfig                  0x080001d1   Thumb Code    40  misc.o(.text)
    ADC_DeInit                               0x0800020d   Thumb Code    28  stm32l1xx_adc.o(.text)
    ADC_Init                                 0x08000229   Thumb Code    74  stm32l1xx_adc.o(.text)
    ADC_StructInit                           0x08000273   Thumb Code    26  stm32l1xx_adc.o(.text)
    ADC_CommonInit                           0x0800028d   Thumb Code    22  stm32l1xx_adc.o(.text)
    ADC_CommonStructInit                     0x080002a3   Thumb Code     6  stm32l1xx_adc.o(.text)
    ADC_Cmd                                  0x080002a9   Thumb Code    22  stm32l1xx_adc.o(.text)
    ADC_BankSelection                        0x080002bf   Thumb Code    22  stm32l1xx_adc.o(.text)
    ADC_PowerDownCmd                         0x080002d5   Thumb Code    18  stm32l1xx_adc.o(.text)
    ADC_DelaySelectionConfig                 0x080002e7   Thumb Code    16  stm32l1xx_adc.o(.text)
    ADC_AnalogWatchdogCmd                    0x080002f7   Thumb Code    16  stm32l1xx_adc.o(.text)
    ADC_AnalogWatchdogThresholdsConfig       0x08000307   Thumb Code     6  stm32l1xx_adc.o(.text)
    ADC_AnalogWatchdogSingleChannelConfig    0x0800030d   Thumb Code    16  stm32l1xx_adc.o(.text)
    ADC_TempSensorVrefintCmd                 0x0800031d   Thumb Code    30  stm32l1xx_adc.o(.text)
    ADC_RegularChannelConfig                 0x0800033b   Thumb Code   344  stm32l1xx_adc.o(.text)
    ADC_SoftwareStartConv                    0x08000493   Thumb Code    10  stm32l1xx_adc.o(.text)
    ADC_GetSoftwareStartConvStatus           0x0800049d   Thumb Code    20  stm32l1xx_adc.o(.text)
    ADC_EOCOnEachRegularChannelCmd           0x080004b1   Thumb Code    22  stm32l1xx_adc.o(.text)
    ADC_ContinuousModeCmd                    0x080004c7   Thumb Code    22  stm32l1xx_adc.o(.text)
    ADC_DiscModeChannelCountConfig           0x080004dd   Thumb Code    24  stm32l1xx_adc.o(.text)
    ADC_DiscModeCmd                          0x080004f5   Thumb Code    22  stm32l1xx_adc.o(.text)
    ADC_GetConversionValue                   0x0800050b   Thumb Code     8  stm32l1xx_adc.o(.text)
    ADC_DMACmd                               0x08000513   Thumb Code    22  stm32l1xx_adc.o(.text)
    ADC_DMARequestAfterLastTransferCmd       0x08000529   Thumb Code    22  stm32l1xx_adc.o(.text)
    ADC_InjectedChannelConfig                0x0800053f   Thumb Code   232  stm32l1xx_adc.o(.text)
    ADC_InjectedSequencerLengthConfig        0x08000627   Thumb Code    24  stm32l1xx_adc.o(.text)
    ADC_SetInjectedOffset                    0x0800063f   Thumb Code    20  stm32l1xx_adc.o(.text)
    ADC_ExternalTrigInjectedConvConfig       0x08000653   Thumb Code    16  stm32l1xx_adc.o(.text)
    ADC_ExternalTrigInjectedConvEdgeConfig   0x08000663   Thumb Code    16  stm32l1xx_adc.o(.text)
    ADC_SoftwareStartInjectedConv            0x08000673   Thumb Code    10  stm32l1xx_adc.o(.text)
    ADC_GetSoftwareStartInjectedConvCmdStatus 0x0800067d   Thumb Code    20  stm32l1xx_adc.o(.text)
    ADC_AutoInjectedConvCmd                  0x08000691   Thumb Code    22  stm32l1xx_adc.o(.text)
    ADC_InjectedDiscModeCmd                  0x080006a7   Thumb Code    22  stm32l1xx_adc.o(.text)
    ADC_GetInjectedConversionValue           0x080006bd   Thumb Code    28  stm32l1xx_adc.o(.text)
    ADC_ITConfig                             0x080006d9   Thumb Code    32  stm32l1xx_adc.o(.text)
    ADC_GetFlagStatus                        0x080006f9   Thumb Code    18  stm32l1xx_adc.o(.text)
    ADC_ClearFlag                            0x0800070b   Thumb Code     6  stm32l1xx_adc.o(.text)
    ADC_GetITStatus                          0x08000711   Thumb Code    38  stm32l1xx_adc.o(.text)
    ADC_ClearITPendingBit                    0x08000737   Thumb Code    10  stm32l1xx_adc.o(.text)
    DMA_DeInit                               0x08000741   Thumb Code   324  stm32l1xx_dma.o(.text)
    DMA_Init                                 0x08000885   Thumb Code    60  stm32l1xx_dma.o(.text)
    DMA_StructInit                           0x080008c1   Thumb Code    26  stm32l1xx_dma.o(.text)
    DMA_Cmd                                  0x080008db   Thumb Code    24  stm32l1xx_dma.o(.text)
    DMA_SetCurrDataCounter                   0x080008f3   Thumb Code     4  stm32l1xx_dma.o(.text)
    DMA_GetCurrDataCounter                   0x080008f7   Thumb Code     8  stm32l1xx_dma.o(.text)
    DMA_ITConfig                             0x080008ff   Thumb Code    18  stm32l1xx_dma.o(.text)
    DMA_GetFlagStatus                        0x08000911   Thumb Code    40  stm32l1xx_dma.o(.text)
    DMA_ClearFlag                            0x08000939   Thumb Code    22  stm32l1xx_dma.o(.text)
    DMA_GetITStatus                          0x0800094f   Thumb Code    40  stm32l1xx_dma.o(.text)
    DMA_ClearITPendingBit                    0x08000977   Thumb Code    22  stm32l1xx_dma.o(.text)
    GPIO_DeInit                              0x08000995   Thumb Code   196  stm32l1xx_gpio.o(.text)
    GPIO_Init                                0x08000a59   Thumb Code   144  stm32l1xx_gpio.o(.text)
    GPIO_StructInit                          0x08000ae9   Thumb Code    18  stm32l1xx_gpio.o(.text)
    GPIO_PinLockConfig                       0x08000afb   Thumb Code    34  stm32l1xx_gpio.o(.text)
    GPIO_ReadInputDataBit                    0x08000b1d   Thumb Code    18  stm32l1xx_gpio.o(.text)
    GPIO_ReadInputData                       0x08000b2f   Thumb Code     6  stm32l1xx_gpio.o(.text)
    GPIO_ReadOutputDataBit                   0x08000b35   Thumb Code    18  stm32l1xx_gpio.o(.text)
    GPIO_ReadOutputData                      0x08000b47   Thumb Code     6  stm32l1xx_gpio.o(.text)
    GPIO_SetBits                             0x08000b4d   Thumb Code     4  stm32l1xx_gpio.o(.text)
    GPIO_ResetBits                           0x08000b51   Thumb Code     4  stm32l1xx_gpio.o(.text)
    GPIO_WriteBit                            0x08000b55   Thumb Code    10  stm32l1xx_gpio.o(.text)
    GPIO_Write                               0x08000b5f   Thumb Code     4  stm32l1xx_gpio.o(.text)
    GPIO_ToggleBits                          0x08000b63   Thumb Code     8  stm32l1xx_gpio.o(.text)
    GPIO_PinAFConfig                         0x08000b6b   Thumb Code    70  stm32l1xx_gpio.o(.text)
    RCC_DeInit                               0x08000bd1   Thumb Code    74  stm32l1xx_rcc.o(.text)
    RCC_HSEConfig                            0x08000c1b   Thumb Code    14  stm32l1xx_rcc.o(.text)
    RCC_GetFlagStatus                        0x08000c29   Thumb Code    48  stm32l1xx_rcc.o(.text)
    RCC_WaitForHSEStartUp                    0x08000c59   Thumb Code    56  stm32l1xx_rcc.o(.text)
    RCC_AdjustMSICalibrationValue            0x08000c91   Thumb Code     8  stm32l1xx_rcc.o(.text)
    RCC_MSIRangeConfig                       0x08000c99   Thumb Code    20  stm32l1xx_rcc.o(.text)
    RCC_MSICmd                               0x08000cad   Thumb Code     6  stm32l1xx_rcc.o(.text)
    RCC_AdjustHSICalibrationValue            0x08000cb3   Thumb Code    22  stm32l1xx_rcc.o(.text)
    RCC_HSICmd                               0x08000cc9   Thumb Code     6  stm32l1xx_rcc.o(.text)
    RCC_LSEConfig                            0x08000ccf   Thumb Code    14  stm32l1xx_rcc.o(.text)
    RCC_LSICmd                               0x08000cdd   Thumb Code     6  stm32l1xx_rcc.o(.text)
    RCC_PLLConfig                            0x08000ce3   Thumb Code    16  stm32l1xx_rcc.o(.text)
    RCC_PLLCmd                               0x08000cf3   Thumb Code     6  stm32l1xx_rcc.o(.text)
    RCC_ClockSecuritySystemCmd               0x08000cf9   Thumb Code     6  stm32l1xx_rcc.o(.text)
    RCC_LSEClockSecuritySystemCmd            0x08000cff   Thumb Code     8  stm32l1xx_rcc.o(.text)
    RCC_MCOConfig                            0x08000d07   Thumb Code    12  stm32l1xx_rcc.o(.text)
    RCC_SYSCLKConfig                         0x08000d13   Thumb Code    20  stm32l1xx_rcc.o(.text)
    RCC_GetSYSCLKSource                      0x08000d27   Thumb Code    12  stm32l1xx_rcc.o(.text)
    RCC_HCLKConfig                           0x08000d33   Thumb Code    20  stm32l1xx_rcc.o(.text)
    RCC_PCLK1Config                          0x08000d47   Thumb Code    20  stm32l1xx_rcc.o(.text)
    RCC_PCLK2Config                          0x08000d5b   Thumb Code    22  stm32l1xx_rcc.o(.text)
    RCC_GetClocksFreq                        0x08000d71   Thumb Code   248  stm32l1xx_rcc.o(.text)
    RCC_RTCCLKConfig                         0x08000e69   Thumb Code    64  stm32l1xx_rcc.o(.text)
    RCC_RTCCLKCmd                            0x08000ea9   Thumb Code     8  stm32l1xx_rcc.o(.text)
    RCC_RTCResetCmd                          0x08000eb1   Thumb Code     8  stm32l1xx_rcc.o(.text)
    RCC_AHBPeriphClockCmd                    0x08000eb9   Thumb Code    34  stm32l1xx_rcc.o(.text)
    RCC_APB2PeriphClockCmd                   0x08000edb   Thumb Code    34  stm32l1xx_rcc.o(.text)
    RCC_APB1PeriphClockCmd                   0x08000efd   Thumb Code    34  stm32l1xx_rcc.o(.text)
    RCC_AHBPeriphResetCmd                    0x08000f1f   Thumb Code    34  stm32l1xx_rcc.o(.text)
    RCC_APB2PeriphResetCmd                   0x08000f41   Thumb Code    34  stm32l1xx_rcc.o(.text)
    RCC_APB1PeriphResetCmd                   0x08000f63   Thumb Code    34  stm32l1xx_rcc.o(.text)
    RCC_AHBPeriphClockLPModeCmd              0x08000f85   Thumb Code    34  stm32l1xx_rcc.o(.text)
    RCC_APB2PeriphClockLPModeCmd             0x08000fa7   Thumb Code    66  stm32l1xx_rcc.o(.text)
    RCC_APB1PeriphClockLPModeCmd             0x08000fe9   Thumb Code    34  stm32l1xx_rcc.o(.text)
    RCC_ITConfig                             0x0800100b   Thumb Code    34  stm32l1xx_rcc.o(.text)
    RCC_ClearFlag                            0x0800102d   Thumb Code    18  stm32l1xx_rcc.o(.text)
    RCC_GetITStatus                          0x0800103f   Thumb Code    22  stm32l1xx_rcc.o(.text)
    RCC_ClearITPendingBit                    0x08001055   Thumb Code     8  stm32l1xx_rcc.o(.text)
    SPI_I2S_DeInit                           0x08001061   Thumb Code    76  stm32l1xx_spi.o(.text)
    SPI_Init                                 0x080010ad   Thumb Code    60  stm32l1xx_spi.o(.text)
    I2S_Init                                 0x080010e9   Thumb Code   212  stm32l1xx_spi.o(.text)
    SPI_StructInit                           0x080011bd   Thumb Code    24  stm32l1xx_spi.o(.text)
    I2S_StructInit                           0x080011d5   Thumb Code    20  stm32l1xx_spi.o(.text)
    SPI_Cmd                                  0x080011e9   Thumb Code    24  stm32l1xx_spi.o(.text)
    I2S_Cmd                                  0x08001201   Thumb Code    24  stm32l1xx_spi.o(.text)
    SPI_DataSizeConfig                       0x08001219   Thumb Code    18  stm32l1xx_spi.o(.text)
    SPI_BiDirectionalLineConfig              0x0800122b   Thumb Code    28  stm32l1xx_spi.o(.text)
    SPI_NSSInternalSoftwareConfig            0x08001247   Thumb Code    30  stm32l1xx_spi.o(.text)
    SPI_SSOutputCmd                          0x08001265   Thumb Code    24  stm32l1xx_spi.o(.text)
    SPI_I2S_ReceiveData                      0x0800127d   Thumb Code     6  stm32l1xx_spi.o(.text)
    SPI_I2S_SendData                         0x08001283   Thumb Code     4  stm32l1xx_spi.o(.text)
    SPI_CalculateCRC                         0x08001287   Thumb Code    24  stm32l1xx_spi.o(.text)
    SPI_TransmitCRC                          0x0800129f   Thumb Code    10  stm32l1xx_spi.o(.text)
    SPI_GetCRC                               0x080012a9   Thumb Code    16  stm32l1xx_spi.o(.text)
    SPI_GetCRCPolynomial                     0x080012b9   Thumb Code     6  stm32l1xx_spi.o(.text)
    SPI_I2S_DMACmd                           0x080012bf   Thumb Code    18  stm32l1xx_spi.o(.text)
    SPI_I2S_ITConfig                         0x080012d1   Thumb Code    32  stm32l1xx_spi.o(.text)
    SPI_I2S_GetFlagStatus                    0x080012f1   Thumb Code    18  stm32l1xx_spi.o(.text)
    SPI_I2S_ClearFlag                        0x08001303   Thumb Code     6  stm32l1xx_spi.o(.text)
    SPI_I2S_GetITStatus                      0x08001309   Thumb Code    52  stm32l1xx_spi.o(.text)
    SPI_I2S_ClearITPendingBit                0x0800133d   Thumb Code    20  stm32l1xx_spi.o(.text)
    TIM_DeInit                               0x0800135d   Thumb Code   220  stm32l1xx_tim.o(.text)
    TIM_TimeBaseInit                         0x08001439   Thumb Code    76  stm32l1xx_tim.o(.text)
    TIM_TimeBaseStructInit                   0x08001485   Thumb Code    16  stm32l1xx_tim.o(.text)
    TIM_PrescalerConfig                      0x08001495   Thumb Code     6  stm32l1xx_tim.o(.text)
    TIM_CounterModeConfig                    0x0800149b   Thumb Code    18  stm32l1xx_tim.o(.text)
    TIM_SetCounter                           0x080014ad   Thumb Code     4  stm32l1xx_tim.o(.text)
    TIM_SetAutoreload                        0x080014b1   Thumb Code     4  stm32l1xx_tim.o(.text)
    TIM_GetCounter                           0x080014b5   Thumb Code     6  stm32l1xx_tim.o(.text)
    TIM_GetPrescaler                         0x080014bb   Thumb Code     6  stm32l1xx_tim.o(.text)
    TIM_UpdateDisableConfig                  0x080014c1   Thumb Code    24  stm32l1xx_tim.o(.text)
    TIM_UpdateRequestConfig                  0x080014d9   Thumb Code    24  stm32l1xx_tim.o(.text)
    TIM_ARRPreloadConfig                     0x080014f1   Thumb Code    24  stm32l1xx_tim.o(.text)
    TIM_SelectOnePulseMode                   0x08001509   Thumb Code    18  stm32l1xx_tim.o(.text)
    TIM_SetClockDivision                     0x0800151b   Thumb Code    18  stm32l1xx_tim.o(.text)
    TIM_Cmd                                  0x0800152d   Thumb Code    24  stm32l1xx_tim.o(.text)
    TIM_OC1Init                              0x08001545   Thumb Code    56  stm32l1xx_tim.o(.text)
    TIM_OC2Init                              0x0800157d   Thumb Code    70  stm32l1xx_tim.o(.text)
    TIM_OC3Init                              0x080015c3   Thumb Code    66  stm32l1xx_tim.o(.text)
    TIM_OC4Init                              0x08001605   Thumb Code    70  stm32l1xx_tim.o(.text)
    TIM_OCStructInit                         0x0800164b   Thumb Code    12  stm32l1xx_tim.o(.text)
    TIM_SelectOCxM                           0x08001657   Thumb Code    82  stm32l1xx_tim.o(.text)
    TIM_SetCompare1                          0x080016a9   Thumb Code     4  stm32l1xx_tim.o(.text)
    TIM_SetCompare2                          0x080016ad   Thumb Code     4  stm32l1xx_tim.o(.text)
    TIM_SetCompare3                          0x080016b1   Thumb Code     4  stm32l1xx_tim.o(.text)
    TIM_SetCompare4                          0x080016b5   Thumb Code     4  stm32l1xx_tim.o(.text)
    TIM_ForcedOC1Config                      0x080016b9   Thumb Code    18  stm32l1xx_tim.o(.text)
    TIM_ForcedOC2Config                      0x080016cb   Thumb Code    26  stm32l1xx_tim.o(.text)
    TIM_ForcedOC3Config                      0x080016e5   Thumb Code    18  stm32l1xx_tim.o(.text)
    TIM_ForcedOC4Config                      0x080016f7   Thumb Code    26  stm32l1xx_tim.o(.text)
    TIM_OC1PreloadConfig                     0x08001711   Thumb Code    18  stm32l1xx_tim.o(.text)
    TIM_OC2PreloadConfig                     0x08001723   Thumb Code    26  stm32l1xx_tim.o(.text)
    TIM_OC3PreloadConfig                     0x0800173d   Thumb Code    18  stm32l1xx_tim.o(.text)
    TIM_OC4PreloadConfig                     0x0800174f   Thumb Code    58  stm32l1xx_tim.o(.text)
    TIM_OC1FastConfig                        0x08001789   Thumb Code    18  stm32l1xx_tim.o(.text)
    TIM_OC2FastConfig                        0x0800179b   Thumb Code    26  stm32l1xx_tim.o(.text)
    TIM_OC3FastConfig                        0x080017b5   Thumb Code    18  stm32l1xx_tim.o(.text)
    TIM_OC4FastConfig                        0x080017c7   Thumb Code    26  stm32l1xx_tim.o(.text)
    TIM_ClearOC1Ref                          0x080017e1   Thumb Code    18  stm32l1xx_tim.o(.text)
    TIM_ClearOC2Ref                          0x080017f3   Thumb Code    24  stm32l1xx_tim.o(.text)
    TIM_ClearOC3Ref                          0x0800180b   Thumb Code    18  stm32l1xx_tim.o(.text)
    TIM_ClearOC4Ref                          0x0800181d   Thumb Code    24  stm32l1xx_tim.o(.text)
    TIM_OC1PolarityConfig                    0x08001835   Thumb Code    18  stm32l1xx_tim.o(.text)
    TIM_OC2PolarityConfig                    0x08001847   Thumb Code    26  stm32l1xx_tim.o(.text)
    TIM_OC3PolarityConfig                    0x08001861   Thumb Code    26  stm32l1xx_tim.o(.text)
    TIM_OC4PolarityConfig                    0x0800187b   Thumb Code    26  stm32l1xx_tim.o(.text)
    TIM_SelectOCREFClear                     0x08001895   Thumb Code    18  stm32l1xx_tim.o(.text)
    TIM_CCxCmd                               0x080018a7   Thumb Code    30  stm32l1xx_tim.o(.text)
    TIM_SetIC4Prescaler                      0x080018c5   Thumb Code    26  stm32l1xx_tim.o(.text)
    TIM_SetIC3Prescaler                      0x0800192f   Thumb Code    18  stm32l1xx_tim.o(.text)
    TIM_SetIC2Prescaler                      0x08001989   Thumb Code    26  stm32l1xx_tim.o(.text)
    TIM_SetIC1Prescaler                      0x080019f3   Thumb Code    18  stm32l1xx_tim.o(.text)
    TIM_ICInit                               0x08001a3f   Thumb Code   110  stm32l1xx_tim.o(.text)
    TIM_ICStructInit                         0x08001aad   Thumb Code    18  stm32l1xx_tim.o(.text)
    TIM_PWMIConfig                           0x08001abf   Thumb Code   124  stm32l1xx_tim.o(.text)
    TIM_GetCapture1                          0x08001b3b   Thumb Code     6  stm32l1xx_tim.o(.text)
    TIM_GetCapture2                          0x08001b41   Thumb Code     6  stm32l1xx_tim.o(.text)
    TIM_GetCapture3                          0x08001b47   Thumb Code     6  stm32l1xx_tim.o(.text)
    TIM_GetCapture4                          0x08001b4d   Thumb Code     6  stm32l1xx_tim.o(.text)
    TIM_ITConfig                             0x08001b53   Thumb Code    18  stm32l1xx_tim.o(.text)
    TIM_GenerateEvent                        0x08001b65   Thumb Code     4  stm32l1xx_tim.o(.text)
    TIM_GetFlagStatus                        0x08001b69   Thumb Code    18  stm32l1xx_tim.o(.text)
    TIM_ClearFlag                            0x08001b7b   Thumb Code     6  stm32l1xx_tim.o(.text)
    TIM_GetITStatus                          0x08001b81   Thumb Code    34  stm32l1xx_tim.o(.text)
    TIM_ClearITPendingBit                    0x08001ba3   Thumb Code     6  stm32l1xx_tim.o(.text)
    TIM_DMAConfig                            0x08001ba9   Thumb Code    10  stm32l1xx_tim.o(.text)
    TIM_DMACmd                               0x08001bb3   Thumb Code    18  stm32l1xx_tim.o(.text)
    TIM_SelectCCDMA                          0x08001bc5   Thumb Code    24  stm32l1xx_tim.o(.text)
    TIM_InternalClockConfig                  0x08001bdd   Thumb Code    12  stm32l1xx_tim.o(.text)
    TIM_SelectInputTrigger                   0x08001be9   Thumb Code    18  stm32l1xx_tim.o(.text)
    TIM_ITRxExternalClockConfig              0x08001bfb   Thumb Code    24  stm32l1xx_tim.o(.text)
    TIM_TIxExternalClockConfig               0x08001c13   Thumb Code    62  stm32l1xx_tim.o(.text)
    TIM_ETRConfig                            0x08001c51   Thumb Code    28  stm32l1xx_tim.o(.text)
    TIM_ETRClockMode1Config                  0x08001c6d   Thumb Code    54  stm32l1xx_tim.o(.text)
    TIM_ETRClockMode2Config                  0x08001ca3   Thumb Code    32  stm32l1xx_tim.o(.text)
    TIM_SelectOutputTrigger                  0x08001cc3   Thumb Code    18  stm32l1xx_tim.o(.text)
    TIM_SelectSlaveMode                      0x08001cd5   Thumb Code    18  stm32l1xx_tim.o(.text)
    TIM_SelectMasterSlaveMode                0x08001ce7   Thumb Code    18  stm32l1xx_tim.o(.text)
    TIM_EncoderInterfaceConfig               0x08001cf9   Thumb Code    66  stm32l1xx_tim.o(.text)
    TIM_SelectHallSensor                     0x08001d3b   Thumb Code    24  stm32l1xx_tim.o(.text)
    TIM_RemapConfig                          0x08001d53   Thumb Code    22  stm32l1xx_tim.o(.text)
    USART_DeInit                             0x08001d69   Thumb Code   134  stm32l1xx_usart.o(.text)
    USART_Init                               0x08001def   Thumb Code   198  stm32l1xx_usart.o(.text)
    USART_StructInit                         0x08001eb5   Thumb Code    24  stm32l1xx_usart.o(.text)
    USART_ClockInit                          0x08001ecd   Thumb Code    32  stm32l1xx_usart.o(.text)
    USART_ClockStructInit                    0x08001eed   Thumb Code    12  stm32l1xx_usart.o(.text)
    USART_Cmd                                0x08001ef9   Thumb Code    24  stm32l1xx_usart.o(.text)
    USART_SetPrescaler                       0x08001f11   Thumb Code    16  stm32l1xx_usart.o(.text)
    USART_OverSampling8Cmd                   0x08001f21   Thumb Code    22  stm32l1xx_usart.o(.text)
    USART_OneBitMethodCmd                    0x08001f37   Thumb Code    24  stm32l1xx_usart.o(.text)
    USART_SendData                           0x08001f4f   Thumb Code     8  stm32l1xx_usart.o(.text)
    USART_ReceiveData                        0x08001f57   Thumb Code    10  stm32l1xx_usart.o(.text)
    USART_SetAddress                         0x08001f61   Thumb Code    18  stm32l1xx_usart.o(.text)
    USART_ReceiverWakeUpCmd                  0x08001f73   Thumb Code    24  stm32l1xx_usart.o(.text)
    USART_WakeUpConfig                       0x08001f8b   Thumb Code    18  stm32l1xx_usart.o(.text)
    USART_LINBreakDetectLengthConfig         0x08001f9d   Thumb Code    18  stm32l1xx_usart.o(.text)
    USART_LINCmd                             0x08001faf   Thumb Code    24  stm32l1xx_usart.o(.text)
    USART_SendBreak                          0x08001fc7   Thumb Code    10  stm32l1xx_usart.o(.text)
    USART_HalfDuplexCmd                      0x08001fd1   Thumb Code    24  stm32l1xx_usart.o(.text)
    USART_SetGuardTime                       0x08001fe9   Thumb Code    16  stm32l1xx_usart.o(.text)
    USART_SmartCardCmd                       0x08001ff9   Thumb Code    24  stm32l1xx_usart.o(.text)
    USART_SmartCardNACKCmd                   0x08002011   Thumb Code    24  stm32l1xx_usart.o(.text)
    USART_IrDAConfig                         0x08002029   Thumb Code    18  stm32l1xx_usart.o(.text)
    USART_IrDACmd                            0x0800203b   Thumb Code    24  stm32l1xx_usart.o(.text)
    USART_DMACmd                             0x08002053   Thumb Code    18  stm32l1xx_usart.o(.text)
    USART_ITConfig                           0x08002065   Thumb Code    74  stm32l1xx_usart.o(.text)
    USART_GetFlagStatus                      0x080020af   Thumb Code    26  stm32l1xx_usart.o(.text)
    USART_ClearFlag                          0x080020c9   Thumb Code    18  stm32l1xx_usart.o(.text)
    USART_GetITStatus                        0x080020db   Thumb Code    84  stm32l1xx_usart.o(.text)
    USART_ClearITPendingBit                  0x0800212f   Thumb Code    50  stm32l1xx_usart.o(.text)
    main                                     0x08002161   Thumb Code    58  main.o(.text)
    fputc                                    0x0800219b   Thumb Code    32  main.o(.text)
    fgetc                                    0x080021bb   Thumb Code    26  main.o(.text)
    SystemInit                               0x080022db   Thumb Code    88  system_stm32l1xx.o(.text)
    SystemCoreClockUpdate                    0x08002333   Thumb Code   204  system_stm32l1xx.o(.text)
    NMI_Handler                              0x0800242d   Thumb Code     2  stm32l1xx_it.o(.text)
    HardFault_Handler                        0x0800242f   Thumb Code     4  stm32l1xx_it.o(.text)
    MemManage_Handler                        0x08002433   Thumb Code     4  stm32l1xx_it.o(.text)
    BusFault_Handler                         0x08002437   Thumb Code     4  stm32l1xx_it.o(.text)
    UsageFault_Handler                       0x0800243b   Thumb Code     4  stm32l1xx_it.o(.text)
    DebugMon_Handler                         0x0800243f   Thumb Code     2  stm32l1xx_it.o(.text)
    SVC_Handler                              0x08002441   Thumb Code     2  stm32l1xx_it.o(.text)
    PendSV_Handler                           0x08002443   Thumb Code     2  stm32l1xx_it.o(.text)
    SysTick_Handler                          0x08002445   Thumb Code     2  stm32l1xx_it.o(.text)
    LED_Init                                 0x08002449   Thumb Code    80  led.o(.text)
    MotoTest_Init                            0x08002499   Thumb Code     2  led.o(.text)
    LedShow                                  0x0800249b   Thumb Code   230  led.o(.text)
    delay_init                               0x08002585   Thumb Code    56  delay.o(.text)
    delay_us                                 0x080025bd   Thumb Code    56  delay.o(.text)
    delay_ms                                 0x080025f5   Thumb Code    56  delay.o(.text)
    SPI2_ReadWriteByte                       0x08002635   Thumb Code    50  spi.o(.text)
    SPI2_SetSpeed                            0x08002667   Thumb Code    36  spi.o(.text)
    SPI2_Init                                0x0800268b   Thumb Code   242  spi.o(.text)
    TM7707_Delay                             0x08002785   Thumb Code    16  tm7707.o(.text)
    TM7707_Dedy                              0x08002795   Thumb Code    48  tm7707.o(.text)
    TM7707_GPIOInit                          0x080027c5   Thumb Code   128  tm7707.o(.text)
    TM7707ReadBtye                           0x08002845   Thumb Code   114  tm7707.o(.text)
    TM7707WriteByte                          0x080028b7   Thumb Code   138  tm7707.o(.text)
    TM7707_WaitForDRDY                       0x08002941   Thumb Code    36  tm7707.o(.text)
    TM7707_TransferByte                      0x08002965   Thumb Code    72  tm7707.o(.text)
    TM7707_SelfCalibration                   0x080029ad   Thumb Code    44  tm7707.o(.text)
    TM7707_SynchronizeDeviceClock            0x080029d9   Thumb Code    22  tm7707.o(.text)
    TM7707_Init                              0x080029ef   Thumb Code    48  tm7707.o(.text)
    TM7707_ReadADCValue                      0x08002a1f   Thumb Code   152  tm7707.o(.text)
    AddressKey_Init                          0x08002ac5   Thumb Code    92  key.o(.text)
    GetNodeAddress                           0x08002b21   Thumb Code    44  key.o(.text)
    SetKey_Init                              0x08002b4d   Thumb Code    48  key.o(.text)
    SetKeyStroke                             0x08002b7d   Thumb Code     2  key.o(.text)
    UART_DMA_Config                          0x08002b95   Thumb Code   130  rs485.o(.text)
    RS485_Init                               0x08002c17   Thumb Code   272  rs485.o(.text)
    DataComparisonFun                        0x08002d27   Thumb Code    50  rs485.o(.text)
    RS485_Send_Data                          0x08002d59   Thumb Code    84  rs485.o(.text)
    ReadStatusCode                           0x08002dad   Thumb Code    96  rs485.o(.text)
    ReceiveDataCheck                         0x08002e0d   Thumb Code    54  rs485.o(.text)
    USART2_IRQHandler                        0x08002e43   Thumb Code   128  rs485.o(.text)
    RS485_Receive_Data                       0x08002ec3   Thumb Code    68  rs485.o(.text)
    RS485_FrameData                          0x08002f07   Thumb Code   468  rs485.o(.text)
    DSTHCurrentTest                          0x080030db   Thumb Code   536  rs485.o(.text)
    DSTHVoltageTest                          0x080032f3   Thumb Code   114  rs485.o(.text)
    DSTHStatusDetection                      0x08003365   Thumb Code   686  rs485.o(.text)
    DSTHInstall                              0x08003613   Thumb Code   194  rs485.o(.text)
    Relay_Init                               0x0800371d   Thumb Code    56  relay.o(.text)
    EEPROM_ReadBytes                         0x08003759   Thumb Code    28  eeprom.o(.text)
    EEPROM_ReadWords                         0x08003775   Thumb Code    28  eeprom.o(.text)
    EEPROM_WriteBytes                        0x08003791   Thumb Code   116  eeprom.o(.text)
    EEPROM_WriteWords                        0x08003805   Thumb Code   104  eeprom.o(.text)
    TIME_Init                                0x0800387d   Thumb Code    60  tim.o(.text)
    TIM3_Init                                0x080038b9   Thumb Code    92  tim.o(.text)
    TIM2_IRQHandler                          0x08003915   Thumb Code    22  tim.o(.text)
    TIM3_IRQHandler                          0x0800392b   Thumb Code   202  tim.o(.text)
    ADC_read                                 0x08003a1d   Thumb Code   232  adc.o(.text)
    MySand                                   0x08003b05   Thumb Code    40  adc.o(.text)
    ADC_Config                               0x08003b2d   Thumb Code   162  adc.o(.text)
    Myrand                                   0x08003bcf   Thumb Code    36  adc.o(.text)
    __aeabi_memcpy                           0x08003c05   Thumb Code    36  memcpya.o(.text)
    __aeabi_memcpy4                          0x08003c05   Thumb Code     0  memcpya.o(.text)
    __aeabi_memcpy8                          0x08003c05   Thumb Code     0  memcpya.o(.text)
    __aeabi_memset                           0x08003c29   Thumb Code    14  memseta.o(.text)
    __aeabi_memset4                          0x08003c29   Thumb Code     0  memseta.o(.text)
    __aeabi_memset8                          0x08003c29   Thumb Code     0  memseta.o(.text)
    __aeabi_memclr                           0x08003c37   Thumb Code     4  memseta.o(.text)
    __aeabi_memclr4                          0x08003c37   Thumb Code     0  memseta.o(.text)
    __aeabi_memclr8                          0x08003c37   Thumb Code     0  memseta.o(.text)
    _memset$wrapper                          0x08003c3b   Thumb Code    18  memseta.o(.text)
    __aeabi_dadd                             0x08003c4d   Thumb Code   322  dadd.o(.text)
    __aeabi_dsub                             0x08003d8f   Thumb Code     6  dadd.o(.text)
    __aeabi_drsub                            0x08003d95   Thumb Code     6  dadd.o(.text)
    __aeabi_dmul                             0x08003d9b   Thumb Code   228  dmul.o(.text)
    __aeabi_ddiv                             0x08003e7f   Thumb Code   222  ddiv.o(.text)
    __aeabi_i2d                              0x08003f5d   Thumb Code    34  dflti.o(.text)
    __aeabi_ui2d                             0x08003f7f   Thumb Code    26  dfltui.o(.text)
    __aeabi_cdcmpeq                          0x08003f99   Thumb Code     0  cdcmple.o(.text)
    __aeabi_cdcmple                          0x08003f99   Thumb Code    48  cdcmple.o(.text)
    __aeabi_cdrcmple                         0x08003fc9   Thumb Code    48  cdrcmple.o(.text)
    __aeabi_uidiv                            0x08003ff9   Thumb Code     0  uidiv.o(.text)
    __aeabi_uidivmod                         0x08003ff9   Thumb Code    44  uidiv.o(.text)
    __aeabi_uldivmod                         0x08004025   Thumb Code    98  uldiv.o(.text)
    __aeabi_llsl                             0x08004087   Thumb Code    30  llshl.o(.text)
    _ll_shift_l                              0x08004087   Thumb Code     0  llshl.o(.text)
    __aeabi_lasr                             0x080040a5   Thumb Code    36  llsshr.o(.text)
    _ll_sshift_r                             0x080040a5   Thumb Code     0  llsshr.o(.text)
    __I$use$fp                               0x080040c9   Thumb Code     0  iusefp.o(.text)
    _double_round                            0x080040c9   Thumb Code    30  depilogue.o(.text)
    _double_epilogue                         0x080040e7   Thumb Code   156  depilogue.o(.text)
    __aeabi_d2ulz                            0x08004183   Thumb Code    48  dfixul.o(.text)
    __scatterload                            0x080041b5   Thumb Code    28  init.o(.text)
    __scatterload_rt2                        0x080041b5   Thumb Code     0  init.o(.text)
    __aeabi_llsr                             0x080041d9   Thumb Code    32  llushr.o(.text)
    _ll_ushift_r                             0x080041d9   Thumb Code     0  llushr.o(.text)
    __0printf                                0x080041f9   Thumb Code    22  printfa.o(i.__0printf)
    __1printf                                0x080041f9   Thumb Code     0  printfa.o(i.__0printf)
    __2printf                                0x080041f9   Thumb Code     0  printfa.o(i.__0printf)
    __c89printf                              0x080041f9   Thumb Code     0  printfa.o(i.__0printf)
    printf                                   0x080041f9   Thumb Code     0  printfa.o(i.__0printf)
    __scatterload_copy                       0x08004219   Thumb Code    14  handlers.o(i.__scatterload_copy)
    __scatterload_null                       0x08004227   Thumb Code     2  handlers.o(i.__scatterload_null)
    __scatterload_zeroinit                   0x08004229   Thumb Code    14  handlers.o(i.__scatterload_zeroinit)
    Region$$Table$$Base                      0x08004acc   Number         0  anon$$obj.o(Region$$Table)
    Region$$Table$$Limit                     0x08004aec   Number         0  anon$$obj.o(Region$$Table)
    SystemCoreClock                          0x2000001c   Data           4  system_stm32l1xx.o(.data)
    PLLMulTable                              0x20000020   Data           9  system_stm32l1xx.o(.data)
    AHBPrescTable                            0x20000029   Data          16  system_stm32l1xx.o(.data)
    AckFremaData                             0x20000070   Data          10  rs485.o(.data)
    UsartPrintfCom                           0x2000007a   Data          10  rs485.o(.data)
    RS485_RX_CNT                             0x20000084   Data           1  rs485.o(.data)
    B_UART2_RxLen                            0x20000085   Data           1  rs485.o(.data)
    b_Mark_USART2_RX                         0x20000086   Data           1  rs485.o(.data)
    BrunFlg                                  0x20000087   Data           1  rs485.o(.data)
    DTSHInstallFlg                           0x20000088   Data           1  rs485.o(.data)
    NodeAdderss                              0x20000089   Data           1  rs485.o(.data)
    SysInforFlg                              0x2000008a   Data           1  rs485.o(.data)
    SuspendedFlg                             0x2000008b   Data           1  rs485.o(.data)
    PrintfCurrentFlg                         0x2000008c   Data           1  rs485.o(.data)
    BrunTime                                 0x2000008d   Data           3  rs485.o(.data)
    CurrentuAGearflg                         0x20000090   Data           1  rs485.o(.data)
    CurrentmAGearflg                         0x20000091   Data           1  rs485.o(.data)
    uiADCValue                               0x20000094   Data           4  rs485.o(.data)
    StaticCurrentTestCnt                     0x20000098   Data           4  rs485.o(.data)
    StaticCurrentUpdateFlg                   0x2000009c   Data           1  rs485.o(.data)
    uiVoltage                                0x200000a0   Data           8  rs485.o(.data)
    TempuiVoltage                            0x200000a8   Data           8  rs485.o(.data)
    MotoStartCuFlg                           0x200000b0   Data           1  rs485.o(.data)
    MotoStartIOFlg                           0x200000b1   Data           1  rs485.o(.data)
    VoltageWarningCnt                        0x200000b4   Data           4  rs485.o(.data)
    DTSHWorkCurrentLowAck                    0x200000b8   Data           1  rs485.o(.data)
    SystemTimeCnt                            0x200000bc   Data           4  tim.o(.data)
    PowerTimeCnt                             0x200000c0   Data           4  tim.o(.data)
    WorkTimeCnt                              0x200000c4   Data           4  tim.o(.data)
    Time_OutCnt                              0x200000c8   Data           4  tim.o(.data)
    next                                     0x200000cc   Data           4  adc.o(.data)
    __stdout                                 0x200000d0   Data           4  stdout.o(.data)
    RS485_RX_BUF                             0x200000d8   Data          64  rs485.o(.bss)
    AB_BufferInterl_UART2_RX                 0x20000118   Data         200  rs485.o(.bss)
    AB_Buffer_UART2_RX                       0x200001e0   Data         200  rs485.o(.bss)
    currentSet                               0x200002a8   Data          16  rs485.o(.bss)
    StaticAvgCurrent                         0x200002b8   Data         808  rs485.o(.bss)
    __initial_sp                             0x200009e0   Data           0  startup_stm32l1xx_md.o(STACK)



==============================================================================

Memory Map of the image

  Image Entry point : 0x080000f5

  Load Region LR_IROM1 (Base: 0x08000000, Size: 0x00004bc0, Max: 0x00010000, ABSOLUTE)

    Execution Region ER_IROM1 (Base: 0x08000000, Size: 0x00004aec, Max: 0x00010000, ABSOLUTE)

    Base Addr    Size         Type   Attr      Idx    E Section Name        Object

    0x08000000   0x000000f4   Data   RO            3    RESET               startup_stm32l1xx_md.o
    0x080000f4   0x00000000   Code   RO          998  * .ARM.Collect$$$$00000000  mc_w.l(entry.o)
    0x080000f4   0x00000004   Code   RO         1282    .ARM.Collect$$$$00000001  mc_w.l(entry2.o)
    0x080000f8   0x00000004   Code   RO         1285    .ARM.Collect$$$$00000004  mc_w.l(entry5.o)
    0x080000fc   0x00000000   Code   RO         1287    .ARM.Collect$$$$00000008  mc_w.l(entry7b.o)
    0x080000fc   0x00000000   Code   RO         1289    .ARM.Collect$$$$0000000A  mc_w.l(entry8b.o)
    0x080000fc   0x00000008   Code   RO         1290    .ARM.Collect$$$$0000000B  mc_w.l(entry9a.o)
    0x08000104   0x00000000   Code   RO         1292    .ARM.Collect$$$$0000000D  mc_w.l(entry10a.o)
    0x08000104   0x00000000   Code   RO         1294    .ARM.Collect$$$$0000000F  mc_w.l(entry11a.o)
    0x08000104   0x00000004   Code   RO         1283    .ARM.Collect$$$$00002712  mc_w.l(entry2.o)
    0x08000108   0x00000024   Code   RO            4    .text               startup_stm32l1xx_md.o
    0x0800012c   0x000000e0   Code   RO           12    .text               misc.o
    0x0800020c   0x00000534   Code   RO           62    .text               stm32l1xx_adc.o
    0x08000740   0x00000254   Code   RO          223    .text               stm32l1xx_dma.o
    0x08000994   0x0000023c   Code   RO          315    .text               stm32l1xx_gpio.o
    0x08000bd0   0x00000490   Code   RO          453    .text               stm32l1xx_rcc.o
    0x08001060   0x000002fc   Code   RO          521    .text               stm32l1xx_spi.o
    0x0800135c   0x00000a0c   Code   RO          567    .text               stm32l1xx_tim.o
    0x08001d68   0x000003f8   Code   RO          590    .text               stm32l1xx_usart.o
    0x08002160   0x00000078   Code   RO          636    .text               main.o
    0x080021d8   0x00000254   Code   RO          696    .text               system_stm32l1xx.o
    0x0800242c   0x0000001a   Code   RO          722    .text               stm32l1xx_it.o
    0x08002446   0x00000002   PAD
    0x08002448   0x0000013c   Code   RO          749    .text               led.o
    0x08002584   0x000000b0   Code   RO          769    .text               delay.o
    0x08002634   0x00000150   Code   RO          815    .text               spi.o
    0x08002784   0x00000340   Code   RO          838    .text               tm7707.o
    0x08002ac4   0x000000d0   Code   RO          859    .text               key.o
    0x08002b94   0x00000b88   Code   RO          881    .text               rs485.o
    0x0800371c   0x0000003c   Code   RO          910    .text               relay.o
    0x08003758   0x00000124   Code   RO          933    .text               eeprom.o
    0x0800387c   0x000001a0   Code   RO          953    .text               tim.o
    0x08003a1c   0x000001e8   Code   RO          977    .text               adc.o
    0x08003c04   0x00000024   Code   RO         1001    .text               mc_w.l(memcpya.o)
    0x08003c28   0x00000024   Code   RO         1003    .text               mc_w.l(memseta.o)
    0x08003c4c   0x0000014e   Code   RO         1268    .text               mf_w.l(dadd.o)
    0x08003d9a   0x000000e4   Code   RO         1270    .text               mf_w.l(dmul.o)
    0x08003e7e   0x000000de   Code   RO         1272    .text               mf_w.l(ddiv.o)
    0x08003f5c   0x00000022   Code   RO         1274    .text               mf_w.l(dflti.o)
    0x08003f7e   0x0000001a   Code   RO         1276    .text               mf_w.l(dfltui.o)
    0x08003f98   0x00000030   Code   RO         1278    .text               mf_w.l(cdcmple.o)
    0x08003fc8   0x00000030   Code   RO         1280    .text               mf_w.l(cdrcmple.o)
    0x08003ff8   0x0000002c   Code   RO         1297    .text               mc_w.l(uidiv.o)
    0x08004024   0x00000062   Code   RO         1299    .text               mc_w.l(uldiv.o)
    0x08004086   0x0000001e   Code   RO         1301    .text               mc_w.l(llshl.o)
    0x080040a4   0x00000024   Code   RO         1303    .text               mc_w.l(llsshr.o)
    0x080040c8   0x00000000   Code   RO         1305    .text               mc_w.l(iusefp.o)
    0x080040c8   0x000000ba   Code   RO         1306    .text               mf_w.l(depilogue.o)
    0x08004182   0x00000030   Code   RO         1308    .text               mf_w.l(dfixul.o)
    0x080041b2   0x00000002   PAD
    0x080041b4   0x00000024   Code   RO         1310    .text               mc_w.l(init.o)
    0x080041d8   0x00000020   Code   RO         1312    .text               mc_w.l(llushr.o)
    0x080041f8   0x00000020   Code   RO         1240    i.__0printf         mc_w.l(printfa.o)
    0x08004218   0x0000000e   Code   RO         1316    i.__scatterload_copy  mc_w.l(handlers.o)
    0x08004226   0x00000002   Code   RO         1317    i.__scatterload_null  mc_w.l(handlers.o)
    0x08004228   0x0000000e   Code   RO         1318    i.__scatterload_zeroinit  mc_w.l(handlers.o)
    0x08004236   0x00000002   PAD
    0x08004238   0x00000164   Code   RO         1247    i._fp_digits        mc_w.l(printfa.o)
    0x0800439c   0x000006dc   Code   RO         1248    i._printf_core      mc_w.l(printfa.o)
    0x08004a78   0x00000024   Code   RO         1249    i._printf_post_padding  mc_w.l(printfa.o)
    0x08004a9c   0x0000002e   Code   RO         1250    i._printf_pre_padding  mc_w.l(printfa.o)
    0x08004aca   0x00000002   PAD
    0x08004acc   0x00000020   Data   RO         1314    Region$$Table       anon$$obj.o


    Execution Region RW_IRAM1 (Base: 0x20000000, Size: 0x000009e0, Max: 0x00002800, ABSOLUTE)

    Base Addr    Size         Type   Attr      Idx    E Section Name        Object

    0x20000000   0x00000019   Data   RW          454    .data               stm32l1xx_rcc.o
    0x20000019   0x00000003   PAD
    0x2000001c   0x0000001d   Data   RW          697    .data               system_stm32l1xx.o
    0x20000039   0x00000001   PAD
    0x2000003a   0x00000004   Data   RW          770    .data               delay.o
    0x2000003e   0x00000002   PAD
    0x20000040   0x00000030   Data   RW          860    .data               key.o
    0x20000070   0x00000049   Data   RW          883    .data               rs485.o
    0x200000b9   0x00000003   PAD
    0x200000bc   0x00000010   Data   RW          954    .data               tim.o
    0x200000cc   0x00000004   Data   RW          978    .data               adc.o
    0x200000d0   0x00000004   Data   RW         1296    .data               mc_w.l(stdout.o)
    0x200000d4   0x00000004   PAD
    0x200000d8   0x00000508   Zero   RW          882    .bss                rs485.o
    0x200005e0   0x00000400   Zero   RW            1    STACK               startup_stm32l1xx_md.o


==============================================================================

Image component sizes


      Code (inc. data)   RO Data    RW Data    ZI Data      Debug   Object Name

       488         18          0          4          0       1787   adc.o
       176          8          0          4          0       1139   delay.o
       292         16          0          0          0       1868   eeprom.o
       208         22          0         48          0       1682   key.o
       316         16          0          0          0        985   led.o
       120          4          0          0          0       4335   main.o
       224         20          0          0          0     182821   misc.o
        60          4          0          0          0        537   relay.o
      2952        324          0         73       1288      30588   rs485.o
       336          8          0          0          0       1093   spi.o
        36          8        244          0       1024        832   startup_stm32l1xx_md.o
      1332         20          0          0          0      32078   stm32l1xx_adc.o
       596          8          0          0          0      14390   stm32l1xx_dma.o
       572         32          0          0          0       9693   stm32l1xx_gpio.o
        26          0          0          0          0       1254   stm32l1xx_it.o
      1168         40          0         25          0       9621   stm32l1xx_rcc.o
       764         12          0          0          0      13846   stm32l1xx_spi.o
      2572         32          0          0          0      37660   stm32l1xx_tim.o
      1016         20          0          0          0      13656   stm32l1xx_usart.o
       596         46          0         29          0       1891   system_stm32l1xx.o
       416         40          0         16          0       1503   tim.o
       832         14          0          0          0       2886   tm7707.o

    ----------------------------------------------------------------------
     15100        712        276        208       2312     366145   Object Totals
         0          0         32          0          0          0   (incl. Generated)
         2          0          0          9          0          0   (incl. Padding)

    ----------------------------------------------------------------------

      Code (inc. data)   RO Data    RW Data    ZI Data      Debug   Library Member Name

         0          0          0          0          0          0   entry.o
         0          0          0          0          0          0   entry10a.o
         0          0          0          0          0          0   entry11a.o
         8          4          0          0          0          0   entry2.o
         4          0          0          0          0          0   entry5.o
         0          0          0          0          0          0   entry7b.o
         0          0          0          0          0          0   entry8b.o
         8          4          0          0          0          0   entry9a.o
        30          0          0          0          0          0   handlers.o
        36          8          0          0          0         68   init.o
         0          0          0          0          0          0   iusefp.o
        30          0          0          0          0         68   llshl.o
        36          0          0          0          0         68   llsshr.o
        32          0          0          0          0         68   llushr.o
        36          0          0          0          0         68   memcpya.o
        36          0          0          0          0        108   memseta.o
      2226         90          0          0          0        444   printfa.o
         0          0          0          4          0          0   stdout.o
        44          0          0          0          0         80   uidiv.o
        98          0          0          0          0         92   uldiv.o
        48          0          0          0          0         68   cdcmple.o
        48          0          0          0          0         68   cdrcmple.o
       334          0          0          0          0        148   dadd.o
       222          0          0          0          0        100   ddiv.o
       186          0          0          0          0        176   depilogue.o
        48          0          0          0          0         68   dfixul.o
        34          0          0          0          0         76   dflti.o
        26          0          0          0          0         76   dfltui.o
       228          0          0          0          0         96   dmul.o

    ----------------------------------------------------------------------
      3804        106          0          4          4       1940   Library Totals
         6          0          0          0          4          0   (incl. Padding)

    ----------------------------------------------------------------------

      Code (inc. data)   RO Data    RW Data    ZI Data      Debug   Library Name

      2624        106          0          4          0       1064   mc_w.l
      1174          0          0          0          0        876   mf_w.l

    ----------------------------------------------------------------------
      3804        106          0          4          4       1940   Library Totals

    ----------------------------------------------------------------------

==============================================================================


      Code (inc. data)   RO Data    RW Data    ZI Data      Debug   

     18904        818        276        212       2316     365273   Grand Totals
     18904        818        276        212       2316     365273   ELF Image Totals
     18904        818        276        212          0          0   ROM Totals

==============================================================================

    Total RO  Size (Code + RO Data)                19180 (  18.73kB)
    Total RW  Size (RW Data + ZI Data)              2528 (   2.47kB)
    Total ROM Size (Code + RO Data + RW Data)      19392 (  18.94kB)

==============================================================================

